Archive member included to satisfy reference by file (symbol)

../deps/circle/addon/fatfs/libfatfs.a(ff.o)
                              kernel.o (f_mount)
../deps/circle/addon/fatfs/libfatfs.a(diskio.o)
                              ../deps/circle/addon/fatfs/libfatfs.a(ff.o) (disk_status)
../deps/circle/addon/fatfs/libfatfs.a(ffsystem.o)
                              ../deps/circle/addon/fatfs/libfatfs.a(ff.o) (ff_mutex_create)
../deps/circle/addon/fatfs/libfatfs.a(ffunicode.o)
                              ../deps/circle/addon/fatfs/libfatfs.a(ff.o) (ff_uni2oem)
../deps/circle/addon/SDCard/libsdcard.a(emmc.o)
                              kernel.o (CEMMCDevice::CEMMCDevice(CInterruptSystem*, CTimer*, CActLED*, CEMMCDevice::TDeviceSelector))
../deps/circle/addon/SDCard/libsdcard.a(mmchost.o)
                              ../deps/circle/addon/SDCard/libsdcard.a(emmc.o) (CMMCHost::SetClock(unsigned int))
../deps/circle/addon/SDCard/libsdcard.a(sdhost.o)
                              ../deps/circle/addon/SDCard/libsdcard.a(emmc.o) (CSDHOSTDevice::~CSDHOSTDevice())
../deps/circle/lib/sound/libsound.a(soundbasedevice.o)
                              kernel.o (CSoundBaseDevice::AllocateQueue(unsigned int))
../deps/circle/lib/sound/libsound.a(hdmisoundbasedevice.o)
                              kernel.o (CHDMISoundBaseDevice::CHDMISoundBaseDevice(CInterruptSystem*, unsigned int, unsigned int))
../deps/circle/lib/sound/libsound.a(pwmsoundbasedevice.o)
                              kernel.o (CPWMSoundBaseDevice::CPWMSoundBaseDevice(CInterruptSystem*, unsigned int, unsigned int, bool))
../deps/circle/lib/sound/libsound.a(dmasoundbuffers.o)
                              ../deps/circle/lib/sound/libsound.a(pwmsoundbasedevice.o) (CDMASoundBuffers::CDMASoundBuffers(bool, unsigned int, TDREQ, unsigned int, CInterruptSystem*))
../deps/circle/lib/fs/libfs.a(partitionmanager.o)
                              ../deps/circle/addon/SDCard/libsdcard.a(emmc.o) (CPartitionManager::CPartitionManager(CDevice*, char const*))
../deps/circle/lib/fs/libfs.a(partition.o)
                              ../deps/circle/lib/fs/libfs.a(partitionmanager.o) (CPartition::CPartition(CDevice*, unsigned int, unsigned int))
../deps/circle/lib/usb/libusb.a(usbhostcontroller.o)
                              kernel.o (CUSBHostController::UpdatePlugAndPlay())
../deps/circle/lib/usb/libusb.a(usbkeyboard.o)
                              kernel.o (CUSBKeyboardDevice::RegisterKeyStatusHandlerRaw(void (*)(unsigned char, unsigned char const*), bool))
../deps/circle/lib/usb/libusb.a(usbrequest.o)
                              ../deps/circle/lib/usb/libusb.a(usbhostcontroller.o) (CUSBRequest::CUSBRequest(CUSBEndpoint*, void*, unsigned int, TSetupData*))
../deps/circle/lib/usb/libusb.a(usbstandardhub.o)
                              ../deps/circle/lib/usb/libusb.a(usbhostcontroller.o) (CUSBStandardHub::HandlePortStatusChange())
../deps/circle/lib/usb/libusb.a(dwhcidevice.o)
                              kernel.o (CDWHCIDevice::CDWHCIDevice(CInterruptSystem*, CTimer*, bool))
../deps/circle/lib/usb/libusb.a(dwhciframeschednper.o)
                              ../deps/circle/lib/usb/libusb.a(dwhcidevice.o) (CDWHCIFrameSchedulerNonPeriodic::InitProtectedAllocator(unsigned int, unsigned int))
../deps/circle/lib/usb/libusb.a(dwhciframeschednsplit.o)
                              ../deps/circle/lib/usb/libusb.a(dwhcidevice.o) (CDWHCIFrameSchedulerNoSplit::InitProtectedAllocator(unsigned int, unsigned int))
../deps/circle/lib/usb/libusb.a(dwhciframeschedper.o)
                              ../deps/circle/lib/usb/libusb.a(dwhcidevice.o) (CDWHCIFrameSchedulerPeriodic::InitProtectedAllocator(unsigned int, unsigned int))
../deps/circle/lib/usb/libusb.a(dwhcirootport.o)
                              ../deps/circle/lib/usb/libusb.a(dwhcidevice.o) (CDWHCIRootPort::~CDWHCIRootPort())
../deps/circle/lib/usb/libusb.a(dwhcixactqueue.o)
                              ../deps/circle/lib/usb/libusb.a(dwhcidevice.o) (CDWHCITransactionQueue::CDWHCITransactionQueue(unsigned int, unsigned int))
../deps/circle/lib/usb/libusb.a(dwhcixferstagedata.o)
                              ../deps/circle/lib/usb/libusb.a(dwhcidevice.o) (CDWHCITransferStageData::CDWHCITransferStageData(unsigned int, CUSBRequest*, bool, bool, unsigned int))
../deps/circle/lib/usb/libusb.a(dwhciframeschediso.o)
                              ../deps/circle/lib/usb/libusb.a(dwhcixferstagedata.o) (CDWHCIFrameSchedulerIsochronous::CDWHCIFrameSchedulerIsochronous(bool))
../deps/circle/lib/usb/libusb.a(usbdevice.o)
                              ../deps/circle/lib/usb/libusb.a(dwhcirootport.o) (CUSBDevice::CUSBDevice(CUSBHostController*, TUSBSpeed, CUSBHCIRootPort*))
../deps/circle/lib/usb/libusb.a(usbdevicefactory.o)
                              ../deps/circle/lib/usb/libusb.a(usbdevice.o) (CUSBDeviceFactory::GetDevice(CUSBFunction*, CString*))
../deps/circle/lib/usb/libusb.a(usbendpoint.o)
[...]
Memory Configuration

Name             Origin             Length             Attributes
*default*        0x00000000         0xffffffff

Linker script and memory map

Address of section .init set to 0x8000

.init           0x00008000       0xf8
 *(.init)
 .init          0x00008000       0xf8 ../deps/circle/lib/libcircle.a(startup.o)
                0x00008000                _start
                0x00008064                _start_secondary

.text           0x00008100   0x13cc40
 *(.text*)
 .text          0x00008100        0x0 main.o
 .text.startup  0x00008100       0x68 main.o
                0x00008100                main
 .text          0x00008168     0x57cc kernel.o
                0x00008168                CKernel::KeyboardStatusHandlerRaw(unsigned char, unsigned char const*)
                0x000083fc                CKernel::GamePadRemovedHandler(CDevice*, void*)
                0x0000841c                CKernel::KeyboardRemovedHandler(CDevice*, void*)
                0x0000843c                CKernel::GamePadStatusHandler(unsigned int, TGamePadState const*)
                0x000089d8                CEmulatorMultiCore::CEmulatorMultiCore(CMemorySystem*, CKernel*)
                0x000089d8                CEmulatorMultiCore::CEmulatorMultiCore(CMemorySystem*, CKernel*)
                0x00008a00                CKernel::CKernel()
                0x00008a00                CKernel::CKernel()
                0x00008be0                CKernel::RunOrchestrator()
                0x00009240                CKernel::Run()
                0x0000927c                CKernel::RunVideoDomain()
                0x0000ce2c                CKernel::RunAudioDomain()
                0x0000d1a4                CKernel::~CKernel()
                0x0000d1a4                CKernel::~CKernel()
                0x0000d338                CKernel::Initialize()
                0x0000d69c                CKernel::RunInputDomain()
                0x0000d8e4                CEmulatorMultiCore::Run(unsigned int)
 .text._ZN18CEmulatorMultiCoreD2Ev
                0x0000d934       0x20 kernel.o
                0x0000d934                CEmulatorMultiCore::~CEmulatorMultiCore()
                0x0000d934                CEmulatorMultiCore::~CEmulatorMultiCore()
 .text._ZN18CEmulatorMultiCoreD0Ev
                0x0000d954       0x2c kernel.o
                0x0000d954                CEmulatorMultiCore::~CEmulatorMultiCore()
 .text          0x0000d980     0x38a0 osd.o
                0x0000df60                COSDMenu::COSDMenu(FATFS*)
                0x0000df60                COSDMenu::COSDMenu(FATFS*)
                0x0000e110                COSDMenu::~COSDMenu()
                0x0000e110                COSDMenu::~COSDMenu()
                0x0000e114                COSDMenu::CalculateTabLabels()
                0x0000f2e0                COSDMenu::BuildFilteredList()
                0x0000f8a4                COSDMenu::Update()
                0x0000fa6c                COSDMenu::MoveUp()
                0x0000fa98                COSDMenu::MoveDown()
                0x0000fac8                COSDMenu::MoveLeft()
                0x000100cc                COSDMenu::MoveRight()
                0x000106d0                COSDMenu::GetSelectedRom()
                0x00010720                COSDMenu::GetSelectedRomSize()
                0x00010774                COSDMenu::LoadFavorites()
                0x0001094c                COSDMenu::ScanRoms()
                0x00010a7c                COSDMenu::Initialize()
                0x00011054                COSDMenu::SaveFavorites()
                0x0001115c                COSDMenu::FavoriteCurrent()
                0x000111c0                COSDMenu::UnfavoriteCurrent()
 .text          0x00011220      0xccc emu_orchestrator.o
                0x00011450                plat_mmap
                0x00011458                plat_mremap
                0x00011460                plat_munmap
                0x00011464                plat_mem_get_for_drc
                0x0001146c                plat_mem_set_exec
                0x00011474                CEmuOrchestrator::CEmuOrchestrator(FATFS*)
                0x00011474                CEmuOrchestrator::CEmuOrchestrator(FATFS*)
                0x000114d0                CEmuOrchestrator::~CEmuOrchestrator()
                0x000114d0                CEmuOrchestrator::~CEmuOrchestrator()
                0x00011530                CEmuOrchestrator::Initialize()
                0x00011588                CEmuOrchestrator::LoadROM(char const*, unsigned int)
                0x00011874                CEmuOrchestrator::SaveState(int)
                0x00011998                CEmuOrchestrator::LoadState(int)
                0x00011abc                CEmuOrchestrator::IsPAL() const
                0x00011ad4                CEmuOrchestrator::CaptureRewindState()
                0x00011be8                CEmuOrchestrator::RunFrame()
                0x00011d80                CEmuOrchestrator::RewindState()
 *fill*         0x00011eec        0x4 
 .text          0x00011ef0     0x38f8 clib_stubs.o
                0x00011ef0                stpcpy
                0x00011f0c                strdup
                0x00011f48                fclose
                0x00011f7c                fwrite
                0x00011fec                fflush
                0x00012018                fputc
                0x0001207c                fdopen
                0x00012084                strerror
                0x00012090                fprintf
                0x000120a0                gettimeofday
                0x000120cc                strrchr
                0x00012110                strcoll
                0x00012114                strxfrm
                0x00012150                wcscoll
                0x00012194                wcsxfrm
                0x00012398                memchr
                0x00012534                wmemchr
                0x000126e8                wmemcpy
                0x00012998                wcslen
                0x000129c0                setlocale
                0x000129cc                strftime
                0x000129e0                wcsftime
                0x000129f4                wmemmove
                0x00012f88                wmemcmp
                0x00013120                getenv
                0x00013128                strtod
                0x00013238                strtof
                0x00013248                __locale_mb_cur_max
                0x00013250                wcrtomb
                0x00013260                mbrtowc
                0x00013290                wctype
                0x00013298                towupper
                0x000132a8                towlower
                0x000132b8                iswctype
                0x000132c0                wctob
                0x000132cc                btowc
                0x000132d0                getentropy
                0x00013414                arc4random
                0x00013450                read
                0x00013458                write
                0x00013460                lseek
                0x00013468                time
                0x00013490                setvbuf
                0x00013498                fileno
                0x000134a0                fstat
                0x000134a8                wmemset
                0x000135cc                isalnum
                0x000135f8                toupper
                0x00013608                isspace
                0x00013620                ftruncate
                0x00013628                localtime
                0x00013668                ctime
                0x0001368c                ferror
                0x00013694                fputs
                0x00013718                strtol
                0x00013908                sscanf
                0x00013f2c                rand
                0x00013f54                srand
                0x00013f64                fgets
                0x000141e0                feof
                0x00014214                abs
                0x00014220                qsort
                0x00014bb4                Pico32xPrepare
                0x00014bd0                openzip
                0x00014bd8                closezip
                0x00014bdc                readzip
                0x00014be4                seekcompresszip
                0x00014bec                emu_video_mode_change
                0x00014c10                mp3_get_bitrate
                0x00014c18                mp3_start_play
                0x00014c1c                mp3_update
                0x00014c20                ogg_get_length
                0x00014c28                ogg_start_play
                0x00014c2c                ogg_stop_play
                0x00014c30                ogg_update
                0x00014c34                cache_flush_d_inval_i
                0x00014c60                _close
                0x00014c68                _fstat
                0x00014c70                _isatty
                0x00014c78                _lseek
                0x00014c80                _read
                0x00014c88                _write
                0x00014c90                sprintf
                0x00014cfc                snprintf
                0x00014d84                remove
                0x00014e24                vsnprintf
                0x00014ea0                lprintf
                0x00015004                fopen
                0x00015230                fread
                0x000152e0                fseeko
                0x00015400                ftell
                0x00015444                ftello
                0x00015488                abort
                0x0001549c                puts
                0x000154b8                putchar
                0x000154d8                exit
                0x000154f0                perror
                0x00015500                printf
                0x00015598                fseek
                0x000156b8                fgetc
                0x00015750                getc
 .text          0x000157e8     0x18e0 ../deps/picodrive/pico/pico.o
                0x00015914                PicoInit
                0x000159c4                PicoExit
                0x00015a30                PicoDetectRegion
                0x00015fcc                PicoReset
                0x00016138                PicoPower
                0x00016220                PicoLoopPrepare
                0x000162fc                PicoSyncZ80
                0x00016354                PicoFrame
                0x00017004                PicoFrameDrawOnly
                0x0001704c                PicoGetInternal
 .text          0x000170c8     0x4c88 ../deps/picodrive/pico/cart.o
                0x000191d8                pm_open
                0x00019890                pm_sectorsize
                0x000198e4                pm_read
                0x00019d14                pm_read_audio
                0x00019d54                pm_seek
                0x00019f70                pm_close
                0x0001a018                Byteswap
                0x0001a2d4                PicoCartAlloc
                0x0001a3a8                PicoCartLoad
                0x0001aa9c                PicoCartInsert
                0x0001ba10                PicoCartResize
                0x0001ba50                PicoCartUnload
                0x0001bab4                rom_strcmp
 .text          0x0001bd50     0x663c ../deps/picodrive/pico/memory.o
                0x0001c840                PicoRead8_vdp
                0x0001d1ec                z80_map_set
                0x0001d580                cpu68k_map_set
                0x0001d87c                cpu68k_map_read_mem
                0x0001da5c                cpu68k_map_all_ram
                0x0001dcc4                cpu68k_map_read_funcs
                0x0001deb4                cpu68k_map_all_funcs
                0x0001e168                PicoRead16_floating
                0x0001e1b0                m68k_map_unmap
                0x0001e810                cyclone_crashed
                0x0001e880                PicoPortUpdate
                0x0001e928                PicoPortTrigger
                0x0001e9bc                PicoReadPad
                0x0001e9f0                PicoSetInputDevice
                0x0001eab8                io_ports_read
                0x0001eb10                io_ports_write
                0x0001ed54                io_ports_reset
                0x0001eda0                io_ports_pack
                0x0001eff8                io_ports_unpack
                0x0001f2f8                ctl_write_z80busreq
                0x0001f3c8                ctl_write_z80reset
                0x0001f4d4                PicoMemSetup
                0x00021020                ym2612_sync_timers
                0x00021b54                ym2612_pack_timers
                0x00021cc0                ym2612_pack_state_old
                0x00021ce4                ym2612_unpack_timers
                0x00021dd8                ym2612_unpack_state_old
                0x00022374                PicoRead8_32x
                0x0002237c                PicoRead16_32x
                0x00022384                PicoWrite8_32x
                0x00022388                PicoWrite16_32x
 .text          0x0002238c     0x3440 ../deps/picodrive/pico/state.o
                0x000252b4                PicoState
                0x0002549c                PicoStateFP
                0x000254d4                PicoStateLoadGfx
                0x0002569c                PicoTmpStateSave
                0x00025730                PicoTmpStateRestore
 .text          0x000257cc      0x7dc ../deps/picodrive/pico/sek.o
                0x00025a14                SekInit
                0x00025a68                SekReset
                0x00025a88                SekStepM68k
                0x00025ad0                SekSetRealTAS
                0x00025adc                SekPackCpu
                0x00025ba0                SekUnpackCpu
                0x00025c7c                SekInitIdleDet
                0x00025cb0                SekIsIdleReady
                0x00025cd8                SekIsIdleCode
                0x00025ee0                SekRegisterIdlePatch
                0x00025f90                SekFinishIdleDet
 .text          0x00025fa8      0x558 ../deps/picodrive/pico/z80if.o
                0x00025fe8                z80_read
                0x00026020                z80_init
                0x0002606c                z80_reset
                0x000260e4                z80_pack
                0x0002627c                z80_unpack
                0x000264d0                z80_exit
                0x000264d4                z80_debug
 .text          0x00026500     0x57d4 ../deps/picodrive/pico/videoport.o
                0x000268dc                PicoVideoInit
                0x00028c60                PicoVideoFIFOSync
                0x00028e88                PicoVideoFIFOWrite
                0x000296d8                PicoVideoFIFOHint
                0x00029764                PicoVideoFIFOMode
                0x00029814                PicoVideoSync
                0x0002a5ac                PicoVideoWrite
                0x0002ae5c                PicoVideoRead
                0x0002b1a8                PicoVideoRead8DataH
                0x0002b334                PicoVideoRead8DataL
                0x0002b4c0                PicoVideoRead8CtlH
                0x0002b568                PicoVideoRead8CtlL
                0x0002b610                PicoVideoRead8HV_H
                0x0002b634                PicoVideoRead8HV_L
                0x0002b680                PicoVideoReset
                0x0002b798                PicoVideoTriggerTH
                0x0002b83c                PicoVideoCacheSAT
                0x0002b9f4                PicoVideoSave
                0x0002babc                PicoVideoLoad
 .text          0x0002bcd4      0x884 ../deps/picodrive/pico/draw2.o
                0x0002c010                PicoFrameFull
                0x0002c510                PicoDraw2SetOutBuf
                0x0002c538                PicoDraw2Init
 .text          0x0002c558     0x68a4 ../deps/picodrive/pico/draw.o
                0x0002da94                FinalizeLine8bit
                0x0002fd90                DrawStripInterlace
                0x00030318                DrawStripVSRamInterlace
                0x00030a04                BgcDMA
                0x00031b44                PicoFrameStart
                0x00031d48                PicoDrawSync
                0x0003225c                PicoDrawRefreshSprites
                0x000323cc                PicoDrawBgcDMA
                0x00032490                PicoDrawUpdateHighPal
                0x0003295c                PicoDrawSetOutFormat
                0x00032a38                PicoDrawSetOutBufMD
                0x00032b9c                PicoDrawSetOutBuf
                0x00032d24                PicoDrawSetInternalBuf
                0x00032da8                PicoDrawSetCallbacks
                0x00032dc4                PicoDrawInit
 *fill*         0x00032dfc        0x4 
 .text          0x00032e00     0x2724 ../deps/picodrive/pico/mode4.o
                0x00033624                PicoFrameStartSMS
                0x000338fc                PicoParseSATSMS
                0x000342ec                PicoLineSMS
                0x00035138                PicoDoHighPal555SMS
                0x000354a4                PicoDrawSetOutputSMS
 *fill*         0x00035524        0x4 
 .text          0x00035528     0x37fc ../deps/picodrive/pico/sms.o
                0x000372e0                PicoPowerMS
                0x0003739c                PicoMemSetupMS
                0x000376b8                PicoStateLoadedMS
                0x000378a0                PicoPrepareMS
                0x000378e0                PicoFrameMS
                0x00038190                PicoFrameDrawOnlyMS
                0x00038290                PicoCloseTape
                0x000384bc                PicoResetMS
                0x00038910                PicoPlayTape
                0x00038a4c                PicoRecordTape
 .text          0x00038d24        0x0 ../deps/picodrive/pico/misc.o
 .text          0x00038d24      0x7bc ../deps/picodrive/pico/eeprom.o
                0x00038f8c                EEPROM_write16
                0x00039058                EEPROM_write8
                0x0003913c                EEPROM_read
 .text          0x000394e0     0x102c ../deps/picodrive/pico/patch.o
                0x000394e0                genie_decode_ms
                0x00039624                ar_decode_ms
                0x000396ec                fusion_ram_decode
                0x000397a8                fusion_rom_decode
                0x000398b4                decode
                0x00039ba4                PicoPatchUnload
                0x00039bd4                PicoPatchLoad
                0x0003a02c                PicoPatchPrepare
                0x0003a100                PicoPatchApply
 *fill*         0x0003a50c        0x4 
 .text          0x0003a510     0x24c8 ../deps/picodrive/pico/debug.o
                0x0003a510                PDebugMain
                0x0003aa80                PDebug32x
                0x0003aa94                PDebugSpriteList
                0x0003aba0                PDebugShowSpriteStats
                0x0003ae48                PDebugShowPalette
                0x0003b168                PDebugShowSprite
                0x0003b3f0                PDebugDumpMem
                0x0003c820                PDebugZ80Frame
                0x0003c9b0                PDebugCPUStep
 .text          0x0003c9d8     0x1050 ../deps/picodrive/pico/media.o
                0x0003cf68                PicoCdCheck
                0x0003d414                PicoLoadMedia
 .text          0x0003da28     0x3de8 ../deps/picodrive/pico/carthw/carthw.o
                0x0004004c                carthw_ssf2_write16
                0x00040160                carthw_ssf2_write8
                0x00041154                carthw_ssf2_startup
                0x000411ec                carthw_Xin1_startup
                0x00041260                carthw_realtec_startup
                0x000412f0                carthw_radica_startup
                0x00041364                carthw_pier_startup
                0x00041490                carthw_sf001_startup
                0x000414e8                carthw_sf002_startup
                0x00041540                carthw_sf004_startup
                0x00041598                carthw_flash_startup
                0x000415e4                carthw_sprot_new_location
                0x0004163c                carthw_sprot_startup
                0x0004169c                carthw_lk3_startup
                0x00041750                carthw_smw64_startup
                0x000417c4                carthw_jcart_startup
 .text          0x00041810      0x390 ../deps/picodrive/pico/carthw/eeprom_spi.o
                0x00041810                eeprom_spi_init
                0x00041854                eeprom_spi_write
                0x00041b90                eeprom_spi_read
 .text          0x00041ba0      0x264 ../deps/picodrive/pico/carthw/svp/svp.o
                0x00041ce4                PicoSVPInit
                0x00041ce8                PicoSVPStartup
 .text          0x00041e04      0x3f8 ../deps/picodrive/pico/carthw/svp/memory.o
                0x0004206c                PicoSVPMemSetup
 .text          0x000421fc     0x32fc ../deps/picodrive/pico/carthw/svp/ssp16.o
                0x00043e94                ssp1601_reset
                0x00043ed8                ssp1601_run
 .text          0x000454f8     0x33c0 ../deps/picodrive/pico/sound/sound.o
                0x000459b8                PsndInit
                0x000459ec                PsndExit
                0x00045a34                PsndStartFrame
                0x00045a6c                PsndDoDAC
                0x000460f4                PsndDoPSG
                0x00046160                PsndDoSMSFM
                0x00046b4c                PsndDoFM
                0x00046bd0                PsndDoPCM
                0x00046c34                cdda_start_play
                0x00046cd4                cdda_stop_play
                0x00046d18                PsndClear
                0x00046ddc                PsndRerate
                0x000471ec                PsndReset
                0x00047250                PsndGetSamples
                0x00047ea0                PsndGetSamplesMS
 .text          0x000488b8      0xb30 ../deps/picodrive/pico/sound/resampler.o
                0x000488b8                resampler_free
                0x000488e0                resampler_new
                0x00048db8                resampler_update
 .text          0x000493e8      0x6b8 ../deps/picodrive/pico/sound/sn76496.o
                0x000493e8                SN76496Write
                0x0004954c                SN76496Update
                0x00049924                SN76496Config
                0x00049938                SN76496_set_clockrate
                0x00049978                SN76496_init
 .text          0x00049aa0     0x38dc ../deps/picodrive/pico/sound/ym2612.o
                0x0004a92c                YM2612UpdateOne_
                0x0004af00                YM2612ResetChip_
                0x0004b13c                YM2612Init_
                0x0004b884                YM2612Write_
                0x0004bee0                YM2612PicoStateLoad_
                0x0004bf94                YM2612PicoStateSave2
                0x0004c2f0                YM2612PicoStateLoad2
                0x0004c714                YM2612PicoStateSave3
                0x0004cde8                YM2612PicoStateLoad3
                0x0004d370                YM2612GetRegs
 *fill*         0x0004d37c        0x4 
 .text          0x0004d380     0x67cc ../deps/picodrive/pico/sound/ym2413.o
                0x00050cc4                OPLL_RateConv_new
                0x000510c8                OPLL_RateConv_reset
                0x00051110                OPLL_RateConv_putData
                0x00051168                OPLL_RateConv_getData
                0x000515f8                OPLL_RateConv_delete
                0x00051648                OPLL_delete
                0x000516b4                OPLL_reset
                0x000516c0                OPLL_forceRefresh
                0x00051990                OPLL_setRate
                0x00051998                OPLL_setQuality
                0x0005199c                OPLL_setChipType
                0x000519a4                OPLL_writeReg
                0x000519b0                OPLL_writeIO
                0x000519d4                OPLL_setPan
                0x000519e4                OPLL_setPanFine
                0x00051a10                OPLL_dumpToPatch
                0x00051b40                OPLL_new
                0x00052548                OPLL_getDefaultPatch
                0x00052690                OPLL_setPatch
                0x0005281c                OPLL_patchToDump
                0x000528dc                OPLL_copyPatch
                0x000528fc                OPLL_resetPatch
                0x00052a04                OPLL_calc
                0x00052bf4                OPLL_calcStereo
                0x00052f60                OPLL_setMask
                0x00052f74                OPLL_toggleMask
                0x00052f8c                YM2413_regWrite
                0x00052fa4                YM2413_dataWrite
                0x00052fc8                ym2413_pack_state
                0x00053408                ym2413_unpack_state
 .text          0x00053b4c     0x1b8c ../deps/picodrive/pico/sound/vgm.o
                0x00053e64                vgm_load
                0x00054254                rf5c164_write
                0x00054310                vgm_frame
                0x000555d4                vgm_reset
                0x000556a4                vgm_finish
 .text          0x000556d8      0x174 ../deps/picodrive/pico/m68kif_cyclone.o
                0x000556d8                cyclone_checkpc
                0x0005571c                cyclone_read8
                0x0005571c                cyclone_fetch8
                0x00055740                cyclone_fetch16
                0x00055740                cyclone_read16
                0x00055764                cyclone_fetch32
                0x00055764                cyclone_read32
                0x000557c0                cyclone_write8
                0x000557e4                cyclone_write16
                0x00055808                cyclone_write32
 *fill*         0x0005584c        0x4 
 .text          0x00055850    0x23fb4 ../deps/picodrive/cpu/cyclone/Cyclone.o
                0x00055850                CycloneVer
                0x00055854                CycloneRun
                0x000558dc                CycloneInitJT
                0x000558f0                CycloneResetJT
                0x00055938                CycloneSetRealTAS_JT
                0x00055a40                CycloneSetSr
                0x00055a70                CycloneGetSr
                0x00055aa0                CyclonePack
                0x00055af8                CycloneUnpack
                0x00055b60                CycloneFlushIrq
                0x00055bbc                CycloneDoInterrupt
                0x00055edc                CycloneDoTrace
                0x00055f4c                Op____
                0x00056060                Op6702
                0x00056090                Op6602
                0x00056248                Op6002
 .text          0x00079804      0x194 ../deps/picodrive/cpu/cyclone/tools/idle.o
                0x00079804                CycloneInitIdleJT
                0x0007985c                CycloneFinishIdleJT
 *fill*         0x00079998        0x8 
 .text          0x000799a0     0x7ec4 ../deps/picodrive/cpu/DrZ80/drz80.o
                0x00079af4                DrZ80Run
 *fill*         0x00081864        0x4 
 .text          0x00081868      0x104 ../deps/picodrive/cpu/drc/cmn.o
                0x00081868                drc_cmn_init
                0x00081968                drc_cmn_cleanup
 .text          0x0008196c     0x23d4 ../deps/picodrive/pico/draw_arm.o
                0x0008196c                DrawLayer
                0x00082068                BackFill
                0x000820c8                DrawTilesFromCache
                0x00082470                DrawSpritesSHi
                0x00082be4                DrawAllSprites
                0x000831a8                DrawWindow
                0x000833c0                vidConvCpyRGB565
                0x000834ac                PicoDoHighPal555
                0x00083648                FinalizeLine555
                0x00083bf8                blockcpy
                0x00083c84                blockcpy_or
 .text          0x00083d40     0x2294 ../deps/picodrive/pico/draw2_arm.o
                0x00083d40                BackFillFull
                0x00083dbc                DrawLayerFull
                0x000847cc                DrawTilesFromCacheF
                0x00085048                DrawWindowFull
                0x00085798                DrawSpriteFull
 *fill*         0x00085fd4        0xc 
 .text          0x00085fe0      0x3a0 ../deps/picodrive/pico/memory_arm.o
                0x00085fe0                PicoRead8_sram
                0x00086060                PicoRead8_io
                0x000860bc                PicoRead16_sram
                0x00086124                PicoRead16_io
                0x00086188                PicoWrite8_io
                0x000861e8                PicoWrite16_io
                0x0008623c                m68k_read8
                0x00086260                m68k_read16
                0x00086284                m68k_read32
                0x000862e0                m68k_write8
                0x00086304                m68k_write16
                0x00086328                m68k_write32
 .text          0x00086380     0x1024 ../deps/picodrive/pico/sound/ym2612_arm.o
                0x00086380                chan_render_loop
 *fill*         0x000873a4        0xc 
 .text          0x000873b0      0x730 ../deps/picodrive/pico/sound/mix_arm.o
                0x000873b0                mix_16h_to_32
                0x00087444                mix_16h_to_32_s1
                0x000874dc                mix_16h_to_32_s2
                0x00087574                mix_16h_to_32_resample_stereo
                0x00087608                mix_16h_to_32_resample_mono
                0x0008769c                mix_32_to_16_stereo
                0x0008785c                mix_32_to_16_mono
                0x00087ab4                mix_reset
 .text          0x00087ae0      0x10c ../deps/picodrive/pico/misc_arm.o
                0x00087ae0                memcpy16bswap
                0x00087bb0                memset32
 .text          0x00087bec      0x9f8 ../deps/picodrive/pico/cd/memory_arm.o
                0x00087bf4                PicoReadM68k8_cell0
                0x00087bfc                PicoReadM68k8_cell1
                0x00087c98                PicoRead8_mcd_io
                0x00087dcc                PicoReadM68k16_cell0
                0x00087dd4                PicoReadM68k16_cell1
                0x00087e70                PicoRead16_mcd_io
                0x00087f58                PicoWriteM68k8_cell0
                0x00087f60                PicoWriteM68k8_cell1
                0x00088004                PicoWrite8_mcd_io
                0x00088024                PicoWriteM68k16_cell0
                0x0008802c                PicoWriteM68k16_cell1
                0x000880cc                PicoWrite16_mcd_io
                0x0008811c                PicoReadS68k8_dec0
                0x00088124                PicoReadS68k8_dec1
                0x0008814c                PicoReadS68k8_pr
                0x00088200                PicoReadS68k16_dec0
                0x00088208                PicoReadS68k16_dec1
                0x00088230                PicoReadS68k16_pr
                0x00088258                PicoWriteS68k8_dec_m2b0
                0x00088260                PicoWriteS68k8_dec_m0b0
                0x00088268                PicoWriteS68k8_dec_m2b1
                0x00088270                PicoWriteS68k8_dec_m0b1
                0x000882a8                PicoWriteS68k8_dec_m1b0
                0x000882b0                PicoWriteS68k8_dec_m1b1
                0x000882f4                PicoWriteS68k8_pr
                0x00088380                PicoWriteS68k16_dec_m0b0
                0x00088388                PicoWriteS68k16_dec_m0b1
                0x000883b0                PicoWriteS68k16_dec_m1b0
                0x000883b8                PicoWriteS68k16_dec_m1b1
                0x00088404                PicoWriteS68k16_dec_m2b0
                0x0008840c                PicoWriteS68k16_dec_m2b1
                0x00088458                PicoWriteS68k16_pr
                0x0008849c                s68k_read8
                0x000884c0                s68k_read16
                0x000884e4                s68k_read32
                0x00088540                s68k_write8
                0x00088564                s68k_write16
                0x00088588                s68k_write32
 .text          0x000885e4      0x108 ../deps/picodrive/pico/cd/misc_arm.o
                0x000885e4                wram_2M_to_1M
                0x00088668                wram_1M_to_2M
 .text          0x000886ec     0x24a8 ../deps/picodrive/pico/cd/mcd.o
                0x000891b4                PicoCreateMCD
                0x00089270                PicoInitMCD
                0x00089274                PicoExitMCD
                0x000892a8                PicoPowerMCD
                0x00089448                pcd_soft_reset
                0x00089518                PicoResetMCD
                0x00089590                PicoMCDPrepare
                0x00089604                pcd_cycles_m68k_to_s68k
                0x00089620                pcd_event_schedule
                0x00089670                pcd_event_schedule_s68k
                0x00089700                pcd_irq_s68k
                0x00089744                pcd_sync_s68k
                0x00089a98                pcd_run_cpus
                0x00089c5c                pcd_run_cpus_lockstep
                0x00089cc8                pcd_prepare_frame
                0x00089cf4                PicoFrameMCD
                0x0008a8c0                pcd_state_loaded
 .text          0x0008ab94     0x226c ../deps/picodrive/pico/cd/memory.o
                0x0008b428                m68k_comm_check
                0x0008b580                pcd_stopwatch_read
                0x0008b5fc                m68k_reg_write8
                0x0008ba58                s68k_poll_detect
                0x0008bb4c                s68k_reg_read16
                0x0008bf3c                s68k_reg_write8
                0x0008c47c                s68k_reg_write16
                0x0008c7cc                pcd_state_loaded_mem
                0x0008c890                PicoMemSetupCD
 .text          0x0008ce00      0x1f4 ../deps/picodrive/pico/cd/sek.o
                0x0008ced8                SekInitS68k
                0x0008cf18                SekResetS68k
                0x0008cf38                SekInterruptS68k
                0x0008cf8c                SekInterruptClearS68k
 *fill*         0x0008cff4        0x4 
 .text          0x0008cff8     0x10ac ../deps/picodrive/pico/cd/cdc.o
                0x0008cff8                cdc_init
                0x0008d00c                cdc_reset
                0x0008d080                cdc_context_save
                0x0008d0c8                cdc_context_load
                0x0008d150                cdc_context_load_old
                0x0008d250                cdc_dma_update
                0x0008d60c                cdc_decoder_update
                0x0008d730                cdc_reg_w
                0x0008dc0c                cdc_reg_r
                0x0008dea0                cdc_host_r
 *fill*         0x0008e0a4        0x4 
 .text          0x0008e0a8     0x2308 ../deps/picodrive/pico/cd/cdd.o
                0x0008e0a8                cdd_reset
                0x0008e10c                cdd_play_audio
                0x0008e348                cdd_context_save
                0x0008e394                cdd_context_load
                0x0008e454                cdd_context_load_old
                0x0008e4e8                cdd_unload
                0x0008e608                cdd_load
                0x0008edec                cdd_read_data
                0x0008ee9c                cdd_process
                0x0008ff9c                cdd_update
 .text          0x000903b0      0xa90 ../deps/picodrive/pico/cd/cd_image.o
                0x000904a4                load_cd_image
 .text          0x00090e40     0x1f20 ../deps/picodrive/pico/cd/cd_parse.o
                0x00090ffc                chd_parse
                0x00091360                cue_parse
                0x00092bbc                cdparse_destroy
 .text          0x00092d60      0xe88 ../deps/picodrive/pico/cd/gfx.o
                0x00092d60                gfx_init
                0x000931c8                gfx_context_save
                0x00093240                gfx_context_load
                0x000932b8                gfx_start
                0x00093458                gfx_update
 .text          0x00093be8      0x564 ../deps/picodrive/pico/cd/gfx_dma.o
                0x00093be8                DmaSlowCell
 .text          0x0009414c        0x0 ../deps/picodrive/pico/cd/misc.o
 .text          0x0009414c      0x850 ../deps/picodrive/pico/cd/pcm.o
                0x0009414c                pcd_pcm_sync
                0x0009448c                pcd_pcm_write
                0x0009455c                pcd_pcm_read
                0x000945d8                pcd_pcm_update
 .text          0x0009499c      0x950 ../deps/picodrive/pico/cd/megasd.o
                0x00094a68                msd_reset
                0x00094b7c                msd_update
                0x00094c3c                msd_process
                0x00095030                msd_load
                0x0009508c                msd_write16
                0x000952c0                msd_write8
 .text          0x000952ec      0x19c ../deps/picodrive/pico/pico/pico.o
                0x000953e8                PicoReratePico
                0x0009540c                PicoInitPico
 .text          0x00095488      0x9c4 ../deps/picodrive/pico/pico/memory.o
                0x00095cc4                get_ticks
                0x00095d08                PicoMemSetupPico
 *fill*         0x00095e4c        0x4 
 .text          0x00095e50     0x1520 ../deps/picodrive/pico/pico/xpcm.o
                0x00095e50                PicoPicoPCMResetN
                0x00095e98                PicoPicoPCMStartN
                0x00095ea8                PicoPicoPCMBusyN
                0x00095ec4                PicoPicoPCMRerate
                0x00096120                PicoPicoPCMGain
                0x00096134                PicoPicoPCMFilter
                0x00096184                PicoPicoPCMIrqEn
                0x000961a0                PicoPicoIrqAck
                0x000961d8                PicoPicoPCMUpdate
                0x000972a0                PicoPicoPCMSave
                0x00097320                PicoPicoPCMLoad
 .text          0x00097370      0x5d4 ../deps/picodrive/zlib/adler32.o
                0x00097370                adler32
                0x000978b0                adler32_combine
 .text          0x00097944      0x150 ../deps/picodrive/zlib/compress.o
                0x00097944                compress2
                0x000979e4                compress
                0x00097a84                compressBound
 *fill*         0x00097a94        0x4 
 .text          0x00097a98      0x920 ../deps/picodrive/zlib/crc32.o
                0x00097a98                get_crc_table
                0x00097aa4                crc32
                0x000980b4                crc32_combine
 .text          0x000983b8     0x38fc ../deps/picodrive/zlib/deflate.o
                0x00099fb0                deflateSetDictionary
                0x0009a198                deflateReset
                0x0009a300                deflateSetHeader
                0x0009a334                deflatePrime
                0x0009a374                deflateTune
                0x0009a3ac                deflateBound
                0x0009a3f4                deflate
                0x0009b470                deflateParams
                0x0009b554                deflateEnd
                0x0009b654                deflateInit2_
                0x0009b8c0                deflateInit_
                0x0009bac0                deflateCopy
 *fill*         0x0009bcb4        0x4 
 .text          0x0009bcb8     0x244c ../deps/picodrive/zlib/gzio.o
                0x0009c82c                gzsetparams
                0x0009c8a4                destroy
                0x0009cc4c                gzopen
                0x0009cc54                gzdopen
                0x0009cc98                gzread
                0x0009d394                gzgetc
                0x0009d3bc                gzungetc
                0x0009d42c                gzgets
                0x0009d5d0                gzwrite
                0x0009d6e8                gzprintf
                0x0009d870                gzputc
                0x0009d990                gzputs
                0x0009dab0                gzflush
                0x0009db08                gzseek
                0x0009de58                gzrewind
                0x0009dee4                gztell
                0x0009def0                gzeof
                0x0009df34                gzdirect
                0x0009df50                gzclose
                0x0009dfe8                gzerror
 *fill*         0x0009e104        0x4 
 .text          0x0009e108     0x1b74 ../deps/picodrive/zlib/infback.o
                0x0009e108                inflateBackInit_
                0x0009e1f8                inflateBack
                0x0009fc38                inflateBackEnd
 *fill*         0x0009fc7c        0x4 
 .text          0x0009fc80     0x1dbc ../deps/picodrive/zlib/inffast.o
                0x0009fc80                inflate_fast
 *fill*         0x000a1a3c        0x4 
 .text          0x000a1a40     0x3e54 ../deps/picodrive/zlib/inflate.o
                0x000a1b6c                inflateReset
                0x000a1bf0                inflatePrime
                0x000a1c54                inflateInit2_
                0x000a1dbc                inflateInit_
                0x000a1ed8                inflate
                0x000a51bc                inflateEnd
                0x000a5220                inflateSetDictionary
                0x000a5308                inflateGetHeader
                0x000a5344                inflateSync
                0x000a5630                inflateSyncPoint
                0x000a5670                inflateCopy
 .text          0x000a5894      0xe18 ../deps/picodrive/zlib/inftrees.o
                0x000a5894                inflate_table
 *fill*         0x000a66ac        0x4 
 .text          0x000a66b0     0x3194 ../deps/picodrive/zlib/trees.o
                0x000a8710                _tr_init
                0x000a88b4                _tr_stored_block
                0x000a8bc8                _tr_align
                0x000a8eac                _tr_flush_block
                0x000a9788                _tr_tally
 .text          0x000a9844       0xbc ../deps/picodrive/zlib/uncompr.o
                0x000a9844                uncompress
 .text          0x000a9900       0x38 ../deps/picodrive/zlib/zutil.o
                0x000a9900                zlibVersion
                0x000a990c                zlibCompileFlags
                0x000a9914                zError
                0x000a9928                zcalloc
                0x000a9930                zcfree
 .text          0x000a9938     0x4fe4 ../deps/picodrive/pico/cd/libchdr/src/libchdr_chd.o
                0x000ace68                crc16
                0x000acf80                chd_precache
                0x000ad074                chd_close
                0x000ad094                chd_core_file
                0x000ad09c                chd_error_string
                0x000ad0bc                chd_get_header
                0x000ad0e0                chd_read
                0x000ad12c                chd_get_metadata
                0x000ae628                chd_open_core_file
                0x000ae66c                chd_open_file
                0x000ae728                chd_open
                0x000ae814                chd_read_header
                0x000ae908                chd_codec_config
                0x000ae910                chd_get_codec_name
 .text          0x000ae91c      0x758 ../deps/picodrive/pico/cd/libchdr/src/libchdr_cdrom.o
                0x000ae9d4                ecc_compute_bytes
                0x000aeaa0                ecc_verify
                0x000aee20                ecc_generate
                0x000af040                ecc_clear
 *fill*         0x000af074        0x4 
 .text          0x000af078    0x27258 ../deps/picodrive/pico/cd/libchdr/src/libchdr_flac.o
                0x000d4620                drflac_version
                0x000d4648                drflac_version_string
                0x000d4654                drflac_open_memory
                0x000d46c8                drflac_open_memory_with_metadata
                0x000d4744                drflac_open
                0x000d476c                drflac_open_relaxed
                0x000d479c                drflac_open_with_metadata
                0x000d47c8                drflac_open_with_metadata_relaxed
                0x000d47f0                drflac_close
                0x000d480c                drflac_read_pcm_frames_s32
                0x000d483c                drflac_read_pcm_frames_s16
                0x000d486c                drflac_read_pcm_frames_f32
                0x000d489c                drflac_seek_to_pcm_frame
                0x000d54f8                drflac_open_and_read_pcm_frames_s32
                0x000d5570                drflac_open_and_read_pcm_frames_s16
                0x000d55e8                drflac_open_and_read_pcm_frames_f32
                0x000d5660                drflac_open_memory_and_read_pcm_frames_s32
                0x000d5720                drflac_open_memory_and_read_pcm_frames_s16
                0x000d57e0                drflac_open_memory_and_read_pcm_frames_f32
                0x000d58a0                drflac_free
                0x000d58c8                drflac_init_vorbis_comment_iterator
                0x000d58d4                drflac_next_vorbis_comment
                0x000d592c                drflac_init_cuesheet_track_iterator
                0x000d5938                drflac_next_cuesheet_track
                0x000d5a00                flac_decoder_init
                0x000d5a3c                flac_decoder_free
                0x000d5a74                flac_decoder_reset
                0x000d5b78                flac_decoder_decode_interleaved
                0x000d6230                flac_decoder_finish
 .text          0x000d62d0      0x218 ../deps/picodrive/pico/cd/libchdr/src/libchdr_bitstream.o
                0x000d62d0                bitstream_overflow
                0x000d62fc                create_bitstream
                0x000d6328                bitstream_peek
                0x000d63c4                bitstream_remove
                0x000d63e0                bitstream_read
                0x000d649c                bitstream_read_offset
                0x000d64b8                bitstream_flush
 .text          0x000d64e8     0x1af8 ../deps/picodrive/pico/cd/libchdr/src/libchdr_huffman.o
                0x000d6550                create_huffman_decoder
                0x000d65b4                delete_huffman_decoder
                0x000d65ec                huffman_decode_one
                0x000d6628                huffman_build_tree
                0x000d6a98                huffman_assign_canonical_codes
                0x000d6de8                huffman_compute_tree_from_histo
                0x000d6fc0                huffman_import_tree_rle
                0x000d73e8                huffman_import_tree_huffman
                0x000d7e14                huffman_build_lookup_table
 .text          0x000d7fe0       0x28 ../deps/picodrive/pico/cd/libchdr/deps/lzma-24.05/src/CpuArch.o
                0x000d7fe0                CPU_IsSupported_NEON
                0x000d7fe8                CPU_IsSupported_CRC32
                0x000d7ff0                CPU_IsSupported_SHA1
                0x000d7ff8                CPU_IsSupported_SHA2
                0x000d8000                CPU_IsSupported_AES
 .text          0x000d8008      0x180 ../deps/picodrive/pico/cd/libchdr/deps/lzma-24.05/src/Alloc.o
                0x000d8100                MyAlloc
                0x000d810c                MyFree
                0x000d8110                MyRealloc
                0x000d8130                z7_AlignedAlloc
                0x000d8160                z7_AlignedFree
                0x000d8170                AlignOffsetAlloc_CreateVTable
 .text          0x000d8188     0x7914 ../deps/picodrive/pico/cd/libchdr/deps/lzma-24.05/src/LzmaEnc.o
                0x000dea58                LzmaEncProps_Init
                0x000deac0                LzmaEncProps_Normalize
                0x000dec60                LzmaEncProps_GetDictSize
                0x000ded44                GetPosSlot1
                0x000ded58                LzmaEnc_SaveState
                0x000def58                LzmaEnc_RestoreState
                0x000df158                LzmaEnc_SetProps
                0x000df3d0                LzmaEnc_SetDataSize
                0x000df3dc                LzmaEnc_Create
                0x000df4d0                LzmaEnc_Destroy
                0x000df540                LzmaEnc_PrepareForLzma2
                0x000df56c                LzmaEnc_MemPrepare
                0x000df5a8                LzmaEnc_Finish
                0x000df5ac                LzmaEnc_GetCurBuf
                0x000df5cc                LzmaEnc_CodeOneMemBlock
                0x000df71c                LzmaEnc_Encode
                0x000df760                LzmaEnc_WriteProperties
                0x000df7f0                LzmaEnc_IsWriteEndMark
                0x000df7f8                LzmaEnc_MemEncode
                0x000df8b4                LzmaEncode
 .text          0x000dfa9c      0x44c ../deps/picodrive/pico/cd/libchdr/deps/lzma-24.05/src/Sort.o
                0x000dfa9c                HeapSort
                0x000dfc68                HeapSort64
 .text          0x000dfee8     0x3020 ../deps/picodrive/pico/cd/libchdr/deps/lzma-24.05/src/LzmaDec.o
                0x000e1c1c                LzmaDec_InitDicAndState
                0x000e1c50                LzmaDec_Init
                0x000e1c74                LzmaDec_DecodeToDic
                0x000e2858                LzmaDec_DecodeToBuf
                0x000e2960                LzmaDec_FreeProbs
                0x000e2984                LzmaDec_Free
                0x000e29c0                LzmaProps_Decode
                0x000e2a3c                LzmaDec_AllocateProbs
                0x000e2b58                LzmaDec_Allocate
                0x000e2d34                LzmaDecode
 .text          0x000e2f08     0x6390 ../deps/picodrive/pico/cd/libchdr/deps/lzma-24.05/src/LzFind.o
                0x000e3538                MatchFinder_Init
                0x000e3624                MatchFinder_MoveBlock
                0x000e3668                MatchFinder_NeedMove
                0x000e36bc                MatchFinder_ReadIfRequired
                0x000e36d8                MatchFinder_Construct
                0x000e3820                MatchFinder_Free
                0x000e385c                MatchFinder_Create
                0x000e3e1c                MatchFinder_Init_LowHash
                0x000e3e38                MatchFinder_Init_HighHash
                0x000e3e5c                MatchFinder_Init_4
                0x000e3e88                MatchFinder_Normalize3
                0x000e7e6c                GetMatchesSpec1
                0x000e83b8                Bt3Zip_MatchFinder_GetMatches
                0x000e89b4                Hc3Zip_MatchFinder_GetMatches
                0x000e8d54                Bt3Zip_MatchFinder_Skip
                0x000e8f78                Hc3Zip_MatchFinder_Skip
                0x000e91bc                MatchFinder_CreateVTable
                0x000e9294                LzFindPrepare
 .text          0x000e9298     0x1ef4 ../deps/picodrive/pico/cd/libchdr/deps/lzma-24.05/src/Delta.o
                0x000e9298                Delta_Init
                0x000e92a4                Delta_Encode
                0x000e9ef4                Delta_Decode
 .text          0x000eb18c      0xb10 ../deps/picodrive/pico/cd/libchdr/deps/zstd-1.5.6/lib/common/entropy_common.o
                0x000eb460                FSE_versionNumber
                0x000eb468                FSE_isError
                0x000eb478                FSE_getErrorName
                0x000eb48c                HUF_isError
                0x000eb49c                HUF_getErrorName
                0x000eb4b0                FSE_readNCount_bmi2
                0x000eb4b4                FSE_readNCount
                0x000eb4b8                HUF_readStats
                0x000eb8a8                HUF_readStats_wksp
 .text          0x000ebc9c       0x1c ../deps/picodrive/pico/cd/libchdr/deps/zstd-1.5.6/lib/common/error_private.o
                0x000ebc9c                ERR_getErrorString
 .text          0x000ebcb8     0x13a8 ../deps/picodrive/pico/cd/libchdr/deps/zstd-1.5.6/lib/common/fse_decompress.o
                0x000ec568                FSE_buildDTable_wksp
                0x000ec56c                FSE_decompress_wksp_bmi2
 .text          0x000ed060     0x1a14 ../deps/picodrive/pico/cd/libchdr/deps/zstd-1.5.6/lib/common/xxhash.o
                0x000ed060                ZSTD_XXH_versionNumber
                0x000ed068                ZSTD_XXH32
                0x000ed328                ZSTD_XXH32_createState
                0x000ed330                ZSTD_XXH32_freeState
                0x000ed340                ZSTD_XXH32_copyState
                0x000ed37c                ZSTD_XXH32_reset
                0x000ed3c0                ZSTD_XXH32_update
                0x000ed658                ZSTD_XXH32_digest
                0x000ed79c                ZSTD_XXH32_canonicalFromHash
                0x000ed7a8                ZSTD_XXH32_hashFromCanonical
                0x000ed7b4                ZSTD_XXH64
                0x000edfbc                ZSTD_XXH64_createState
                0x000edfc4                ZSTD_XXH64_freeState
                0x000edfd4                ZSTD_XXH64_copyState
                0x000edfdc                ZSTD_XXH64_reset
                0x000ee068                ZSTD_XXH64_update
                0x000ee488                ZSTD_XXH64_digest
                0x000eea4c                ZSTD_XXH64_canonicalFromHash
                0x000eea60                ZSTD_XXH64_hashFromCanonical
 .text          0x000eea74       0x50 ../deps/picodrive/pico/cd/libchdr/deps/zstd-1.5.6/lib/common/zstd_common.o
                0x000eea74                ZSTD_versionNumber
                0x000eea7c                ZSTD_versionString
                0x000eea88                ZSTD_isError
                0x000eea98                ZSTD_getErrorName
                0x000eeaac                ZSTD_getErrorCode
                0x000eeac0                ZSTD_getErrorString
 .text          0x000eeac4     0x8ac0 ../deps/picodrive/pico/cd/libchdr/deps/zstd-1.5.6/lib/decompress/huf_decompress.o
                0x000f248c                HUF_readDTableX1_wksp
                0x000f3dcc                HUF_readDTableX2_wksp
                0x000f715c                HUF_decompress1X2_DCtx_wksp
                0x000f71d4                HUF_selectDecoder
                0x000f7230                HUF_decompress1X_DCtx_wksp
                0x000f7368                HUF_decompress1X_usingDTable
                0x000f7380                HUF_decompress1X1_DCtx_wksp
                0x000f73f8                HUF_decompress4X_usingDTable
                0x000f7444                HUF_decompress4X_hufOnly_wksp
 .text          0x000f7584      0x6bc ../deps/picodrive/pico/cd/libchdr/deps/zstd-1.5.6/lib/decompress/zstd_ddict.o
                0x000f7584                ZSTD_DDict_dictContent
                0x000f758c                ZSTD_DDict_dictSize
                0x000f7594                ZSTD_copyDDictParameters
                0x000f7654                ZSTD_initStaticDDict
                0x000f779c                ZSTD_freeDDict
                0x000f7808                ZSTD_createDDict_advanced
                0x000f79e4                ZSTD_createDDict
                0x000f7b10                ZSTD_createDDict_byReference
                0x000f7bf8                ZSTD_estimateDDictSize
                0x000f7c0c                ZSTD_sizeof_DDict
                0x000f7c30                ZSTD_getDictID_fromDDict
 .text          0x000f7c40     0xc834 ../deps/picodrive/pico/cd/libchdr/deps/zstd-1.5.6/lib/decompress/zstd_decompress_block.o
                0x0010304c                ZSTD_getcBlockSize
                0x00103098                ZSTD_decodeLiteralsBlock_wrapper
                0x001030c4                ZSTD_buildFSETable
                0x001030c8                ZSTD_decodeSeqHeaders
                0x001033c0                ZSTD_decompressBlock_internal
                0x00103910                ZSTD_checkContinuity
                0x0010395c                ZSTD_decompressBlock_deprecated
                0x00103ee8                ZSTD_decompressBlock
 *fill*         0x00104474        0x4 
 .text          0x00104478     0x5750 ../deps/picodrive/pico/cd/libchdr/deps/zstd-1.5.6/lib/decompress/zstd_decompress.o
                0x00104f60                ZSTD_sizeof_DCtx
                0x00104f94                ZSTD_estimateDCtxSize
                0x00104fa0                ZSTD_initStaticDCtx
                0x00105040                ZSTD_createDCtx_advanced
                0x0010513c                ZSTD_createDCtx
                0x001051f8                ZSTD_freeDCtx
                0x00105324                ZSTD_copyDCtx
                0x0010532c                ZSTD_isFrame
                0x00105374                ZSTD_isSkippableFrame
                0x0010539c                ZSTD_frameHeaderSize
                0x001053f8                ZSTD_getFrameHeader_advanced
                0x0010589c                ZSTD_getFrameHeader
                0x00105b54                ZSTD_getFrameContentSize
                0x00105d3c                ZSTD_readSkippableFrame
                0x00105e08                ZSTD_findDecompressedSize
                0x00106044                ZSTD_getDecompressedSize
                0x00106204                ZSTD_findFrameCompressedSize
                0x0010622c                ZSTD_decompressBound
                0x001062c8                ZSTD_decompressionMargin
                0x001066e0                ZSTD_insertBlock
                0x00106708                ZSTD_nextSrcSizeToDecompress
                0x00106714                ZSTD_nextInputType
                0x00106740                ZSTD_decompressContinue
                0x00106c0c                ZSTD_loadDEntropy
                0x00106e40                ZSTD_decompressBegin
                0x00106f1c                ZSTD_decompressBegin_usingDict
                0x001070b4                ZSTD_decompressBegin_usingDDict
                0x001076d0                ZSTD_decompress_usingDict
                0x00107704                ZSTD_decompressDCtx
                0x001077a4                ZSTD_decompress
                0x001078c0                ZSTD_getDictID_fromDict
                0x001078ec                ZSTD_getDictID_fromFrame
                0x00107a30                ZSTD_decompress_usingDDict
                0x00107a60                ZSTD_createDStream
                0x00107b1c                ZSTD_initStaticDStream
                0x00107bbc                ZSTD_createDStream_advanced
                0x00107cc4                ZSTD_freeDStream
                0x00107df0                ZSTD_DStreamInSize
                0x00107dfc                ZSTD_DStreamOutSize
                0x00107e04                ZSTD_DCtx_loadDictionary_advanced
                0x00107eb0                ZSTD_DCtx_loadDictionary_byReference
                0x00107f54                ZSTD_DCtx_loadDictionary
                0x00107ff8                ZSTD_DCtx_refPrefix_advanced
                0x001080a8                ZSTD_DCtx_refPrefix
                0x00108154                ZSTD_initDStream_usingDict
                0x00108200                ZSTD_initDStream
                0x0010824c                ZSTD_initDStream_usingDDict
                0x00108690                ZSTD_resetDStream
                0x001086bc                ZSTD_DCtx_refDDict
                0x00108af0                ZSTD_DCtx_setMaxWindowSize
                0x00108b2c                ZSTD_DCtx_setFormat
                0x00108b5c                ZSTD_dParam_getBounds
                0x00108bc8                ZSTD_DCtx_getParameter
                0x00108c78                ZSTD_DCtx_setParameter
                0x00108d80                ZSTD_DCtx_reset
                0x00108e24                ZSTD_sizeof_DStream
                0x00108e58                ZSTD_decodingBufferSize_min
                0x00108ea0                ZSTD_estimateDStreamSize
                0x00108ee8                ZSTD_estimateDStreamSize_fromFrame
                0x0010915c                ZSTD_decompressStream
                0x00109b6c                ZSTD_decompressStream_simpleArgs
 .text          0x00109bc8     0x55b4 ../deps/circle/addon/fatfs/libfatfs.a(ff.o)
                0x0010c270                f_mount
                0x0010c360                f_open
                0x0010c7a0                f_read
                0x0010ca54                f_write
                0x0010ced0                f_sync
                0x0010d014                f_close
                0x0010d068                f_chdrive
                0x0010d09c                f_chdir
                0x0010d1b8                f_getcwd
                0x0010d4e0                f_lseek
                0x0010d794                f_opendir
                0x0010d91c                f_closedir
                0x0010d9b8                f_readdir
                0x0010dad0                f_findnext
                0x0010db50                f_findfirst
                0x0010db80                f_stat
                0x0010dcb8                f_getfree
                0x0010de30                f_truncate
                0x0010e014                f_unlink
                0x0010e1e8                f_mkdir
                0x0010e4ac                f_rename
                0x0010e734                f_chmod
                0x0010e870                f_utime
                0x0010e9c4                f_gets
                0x0010eab0                f_putc
                0x0010eb2c                f_puts
                0x0010ebbc                f_printf
 .text          0x0010f17c      0x39c ../deps/circle/addon/fatfs/libfatfs.a(diskio.o)
                0x0010f188                disk_status
                0x0010f1a8                disk_initialize
                0x0010f20c                disk_read
                0x0010f2ec                disk_write
                0x0010f3a4                disk_ioctl
 .text          0x0010f518      0x2b0 ../deps/circle/addon/fatfs/libfatfs.a(ffsystem.o)
                0x0010f518                ff_mutex_create
                0x0010f58c                ff_mutex_delete
                0x0010f600                ff_mutex_take
                0x0010f65c                ff_mutex_give
                0x0010f6b4                ff_memalloc
                0x0010f6b8                ff_memfree
                0x0010f6bc                get_fattime
 .text          0x0010f7c8      0x1c0 ../deps/circle/addon/fatfs/libfatfs.a(ffunicode.o)
                0x0010f7c8                ff_uni2oem
                0x0010f830                ff_oem2uni
                0x0010f870                ff_wtoupper
 .text          0x0010f988     0x1788 ../deps/circle/addon/SDCard/libsdcard.a(emmc.o)
                0x0010f988                CEMMCDevice::Seek(unsigned long long)
                0x0010f99c                CEMMCDevice::GetSize() const
                0x0010f9a8                CEMMCDevice::CEMMCDevice(CInterruptSystem*, CTimer*, CActLED*, CEMMCDevice::TDeviceSelector)
                0x0010f9a8                CEMMCDevice::CEMMCDevice(CInterruptSystem*, CTimer*, CActLED*, CEMMCDevice::TDeviceSelector)
                0x0010fa80                CEMMCDevice::GetCSDField(unsigned int, unsigned int) const
                0x0010fabc                CEMMCDevice::usDelay(unsigned int)
                0x0010faec                CEMMCDevice::LogWrite(TLogSeverity, char const*, ...)
                0x0010fb70                CEMMCDevice::IssueCommandInt(unsigned int, unsigned int, int)
                0x0010fd38                CEMMCDevice::IssueCommand(unsigned int, unsigned int, int)
                0x0010fe34                CEMMCDevice::DoDataCommand(int, unsigned char*, unsigned int, unsigned int)
                0x0010ff9c                CEMMCDevice::CardReset()
                0x00110994                CEMMCDevice::CardInit()
                0x001109dc                CEMMCDevice::EnsureDataMode()
                0x00110d40                CEMMCDevice::DoRead(unsigned char*, unsigned int, unsigned int)
                0x00110d94                CEMMCDevice::DoWrite(unsigned char*, unsigned int, unsigned int)
                0x00110dec                CEMMCDevice::Read(void*, unsigned int)
                0x00110e98                CEMMCDevice::Write(void const*, unsigned int)
                0x00110f48                CEMMCDevice::GetID()
                0x00110f50                CEMMCDevice::~CEMMCDevice()
                0x00110f50                CEMMCDevice::~CEMMCDevice()
                0x00110fd4                CEMMCDevice::~CEMMCDevice()
                0x00110ff4                CEMMCDevice::Initialize()
                0x001110e4                CEMMCDevice::IOCtl(unsigned long, void*)
 .text          0x00111110      0x408 ../deps/circle/addon/SDCard/libsdcard.a(mmchost.o)
                0x00111110                CMMCHost::CMMCHost()
                0x00111110                CMMCHost::CMMCHost()
                0x00111138                CMMCHost::~CMMCHost()
                0x00111138                CMMCHost::~CMMCHost()
                0x0011113c                CMMCHost::~CMMCHost()
                0x00111154                CMMCHost::SetClock(unsigned int)
                0x0011116c                CMMCHost::SetBusWidth(unsigned int)
                0x001111bc                CMMCHost::RequestSync(mmc_request*)
                0x00111208                CMMCHost::PrepareRequest(mmc_request*)
                0x001112bc                CMMCHost::Command(mmc_command*, unsigned int)
                0x001113fc                mmc_request_done(mmc_host*, mmc_request*)
                0x00111430                CMMCHost::sg_miter_start(sg_mapping_iter*, void*, unsigned int, unsigned int)
                0x001114a0                CMMCHost::sg_miter_next(sg_mapping_iter*)
                0x00111514                CMMCHost::sg_miter_stop(sg_mapping_iter*)
 .text          0x00111518     0x2614 ../deps/circle/addon/SDCard/libsdcard.a(sdhost.o)
                0x001115ac                CSDHOSTDevice::~CSDHOSTDevice()
                0x001115ac                CSDHOSTDevice::~CSDHOSTDevice()
                0x00111644                CSDHOSTDevice::~CSDHOSTDevice()
                0x00111664                CSDHOSTDevice::CSDHOSTDevice(CInterruptSystem*, CTimer*)
                0x00111664                CSDHOSTDevice::CSDHOSTDevice(CInterruptSystem*, CTimer*)
                0x00111740                CSDHOSTDevice::set_sdhost_clock(unsigned int*)
                0x001117c0                CSDHOSTDevice::dumpcmd(mmc_command*, char const*)
                0x001117cc                CSDHOSTDevice::dumpregs()
                0x00111b4c                CSDHOSTDevice::set_power(bool)
                0x00111b60                CSDHOSTDevice::reset_internal()
                0x00111c60                CSDHOSTDevice::Reset()
                0x00111c88                CSDHOSTDevice::reset(mmc_host*)
                0x00111cb0                CSDHOSTDevice::wait_transfer_complete()
                0x00111d98                CSDHOSTDevice::read_block_pio()
                0x00111fb0                CSDHOSTDevice::write_block_pio()
                0x001121d0                CSDHOSTDevice::transfer_pio()
                0x001122f0                CSDHOSTDevice::set_transfer_irqs()
                0x00112318                CSDHOSTDevice::prepare_data(mmc_command*)
                0x00112444                CSDHOSTDevice::set_clock(unsigned int)
                0x00112708                CSDHOSTDevice::set_ios(mmc_host*, mmc_ios*)
                0x001127f8                CSDHOSTDevice::SetIOS(mmc_ios*)
                0x00112824                CSDHOSTDevice::init(int)
                0x00112868                CSDHOSTDevice::tasklet_finish()
                0x001129f8                CSDHOSTDevice::send_command(mmc_command*)
                0x00112c48                CSDHOSTDevice::finish_command()
                0x00113098                CSDHOSTDevice::transfer_complete()
                0x00113188                CSDHOSTDevice::finish_data()
                0x00113208                CSDHOSTDevice::data_irq(unsigned int)
                0x001132d4                CSDHOSTDevice::block_irq(unsigned int)
                0x001133c4                CSDHOSTDevice::busy_irq(unsigned int)
                0x00113530                CSDHOSTDevice::irq_handler()
                0x001135d8                CSDHOSTDevice::irq_stub(void*)
                0x00113600                CSDHOSTDevice::request(mmc_host*, mmc_request*)
                0x001138ac                CSDHOSTDevice::Request(mmc_request*)
                0x001138d8                CSDHOSTDevice::add_host()
                0x001139e8                CSDHOSTDevice::probe()
                0x00113ae8                CSDHOSTDevice::Initialize()
                0x00113afc                CSDHOSTDevice::remove()
 *fill*         0x00113b2c        0x4 
 .text          0x00113b30     0x1bbc ../deps/circle/lib/sound/libsound.a(soundbasedevice.o)
                0x00113b30                CSoundBaseDevice::GetRangeMin() const
                0x00113b38                CSoundBaseDevice::GetRangeMax() const
                0x00113b40                CSoundBaseDevice::Flush()
                0x00113b84                CSoundBaseDevice::CSoundBaseDevice()
                0x00113b84                CSoundBaseDevice::CSoundBaseDevice()
                0x00113c1c                CSoundBaseDevice::~CSoundBaseDevice()
                0x00113c1c                CSoundBaseDevice::~CSoundBaseDevice()
                0x00113c8c                CSoundBaseDevice::~CSoundBaseDevice()
                0x00113cac                CSoundBaseDevice::Setup(TSoundFormat, unsigned int, unsigned int, unsigned int, unsigned int, bool)
                0x00114000                CSoundBaseDevice::CSoundBaseDevice(TSoundFormat, unsigned int, unsigned int, bool)
                0x00114000                CSoundBaseDevice::CSoundBaseDevice(TSoundFormat, unsigned int, unsigned int, bool)
                0x001140d4                CSoundBaseDevice::GetHWTXChannels() const
                0x001140dc                CSoundBaseDevice::GetHWRXChannels() const
                0x001140e4                CSoundBaseDevice::AllocateQueue(unsigned int)
                0x0011417c                CSoundBaseDevice::AllocateQueueFrames(unsigned int)
                0x00114200                CSoundBaseDevice::SetWriteFormat(TSoundFormat, unsigned int)
                0x001142c4                CSoundBaseDevice::GetQueueSizeFrames()
                0x001142f8                CSoundBaseDevice::RegisterNeedDataCallback(void (*)(void*), void*)
                0x0011434c                CSoundBaseDevice::AreChannelsSwapped() const
                0x00114354                CSoundBaseDevice::AllocateReadQueue(unsigned int)
                0x001143ec                CSoundBaseDevice::AllocateReadQueueFrames(unsigned int)
                0x00114470                CSoundBaseDevice::SetReadFormat(TSoundFormat, unsigned int, bool)
                0x00114538                CSoundBaseDevice::GetReadQueueSizeFrames()
                0x0011456c                CSoundBaseDevice::RegisterHaveDataCallback(void (*)(void*), void*)
                0x001145c0                CSoundBaseDevice::ConvertIEC958Sample(unsigned int, unsigned int)
                0x00114670                CSoundBaseDevice::ConvertSoundFormat(void*, void const*)
                0x001147ac                CSoundBaseDevice::GetQueueBytesFree()
                0x00114838                CSoundBaseDevice::GetQueueBytesAvail()
                0x001148bc                CSoundBaseDevice::GetQueueFramesAvail()
                0x00114914                CSoundBaseDevice::Enqueue(void const*, unsigned int)
                0x001149b4                CSoundBaseDevice::Write(void const*, unsigned int)
                0x00114ca8                CSoundBaseDevice::Dequeue(void*, unsigned int)
                0x00114d48                CSoundBaseDevice::GetChunkInternal(void*, unsigned int)
                0x00114f5c                CSoundBaseDevice::GetChunk(short*, unsigned int)
                0x00114f88                CSoundBaseDevice::GetChunk(unsigned int*, unsigned int)
                0x00114fb8                CSoundBaseDevice::ConvertReadSoundFormat(void*, void const*)
                0x00115088                CSoundBaseDevice::GetReadQueueBytesFree()
                0x00115114                CSoundBaseDevice::GetReadQueueBytesAvail()
                0x00115198                CSoundBaseDevice::GetReadQueueFramesAvail()
                0x001151f0                CSoundBaseDevice::ReadEnqueue(void const*, unsigned int)
                0x00115290                CSoundBaseDevice::PutChunkInternal(void const*, unsigned int)
                0x00115378                CSoundBaseDevice::PutChunk(short const*, unsigned int)
                0x001153a4                CSoundBaseDevice::PutChunk(unsigned int const*, unsigned int)
                0x001153d4                CSoundBaseDevice::ReadDequeue(void*, unsigned int)
                0x00115474                CSoundBaseDevice::Read(void*, unsigned int)
 .text._ZN16CSoundBaseDevice13GetControllerEv
                0x001156ec        0x8 ../deps/circle/lib/sound/libsound.a(soundbasedevice.o)
                0x001156ec                CSoundBaseDevice::GetController()
 *fill*         0x001156f4        0x4 
 .text          0x001156f8      0xe80 ../deps/circle/lib/sound/libsound.a(hdmisoundbasedevice.o)
                0x001156f8                CHDMISoundBaseDevice::IsActive() const
                0x00115718                CHDMISoundBaseDevice::Cancel()
                0x00115820                CHDMISoundBaseDevice::CHDMISoundBaseDevice(CInterruptSystem*, unsigned int, unsigned int)
                0x00115820                CHDMISoundBaseDevice::CHDMISoundBaseDevice(CInterruptSystem*, unsigned int, unsigned int)
                0x00115974                CHDMISoundBaseDevice::CHDMISoundBaseDevice(unsigned int)
                0x00115974                CHDMISoundBaseDevice::CHDMISoundBaseDevice(unsigned int)
                0x00115a18                CHDMISoundBaseDevice::IsWritable()
                0x00115a54                CHDMISoundBaseDevice::WriteSample(int)
                0x00115ab0                CHDMISoundBaseDevice::StopHDMI()
                0x00115ae4                CHDMISoundBaseDevice::DMACompletionRoutine(unsigned int, unsigned int, bool)
                0x00115c5c                CHDMISoundBaseDevice::DMACompletionStub(unsigned int, unsigned int, bool, void*)
                0x00115c94                CHDMISoundBaseDevice::SampleRateToHWFormat(unsigned int)
                0x00115cc8                CHDMISoundBaseDevice::WaitForBit(unsigned int, unsigned int, bool, unsigned int)
                0x00115d54                CHDMISoundBaseDevice::ResetHDMI()
                0x00115de0                CHDMISoundBaseDevice::~CHDMISoundBaseDevice()
                0x00115de0                CHDMISoundBaseDevice::~CHDMISoundBaseDevice()
                0x00115ed8                CHDMISoundBaseDevice::~CHDMISoundBaseDevice()
                0x00115ef8                CHDMISoundBaseDevice::SetAudioInfoFrame()
                0x00115fe0                CHDMISoundBaseDevice::GetHSMClockRate()
                0x0011602c                CHDMISoundBaseDevice::GetPixelClockRate()
                0x001160e8                CHDMISoundBaseDevice::rational_best_approximation(unsigned long, unsigned long, unsigned long, unsigned long, unsigned long*, unsigned long*)
                0x00116194                CHDMISoundBaseDevice::RunHDMI()
                0x00116368                CHDMISoundBaseDevice::Start()
 .text          0x00116578      0x3b4 ../deps/circle/lib/sound/libsound.a(pwmsoundbasedevice.o)
                0x00116578                CPWMSoundBaseDevice::GetRangeMin() const
                0x00116580                CPWMSoundBaseDevice::GetRangeMax() const
                0x0011658c                CPWMSoundBaseDevice::Start()
                0x001165f8                CPWMSoundBaseDevice::Cancel()
                0x00116600                CPWMSoundBaseDevice::IsActive() const
                0x00116608                CPWMSoundBaseDevice::ChunkCompletedHandler(bool, unsigned int*, unsigned int, void*)
                0x0011664c                CPWMSoundBaseDevice::RunPWM()
                0x001166ec                CPWMSoundBaseDevice::CPWMSoundBaseDevice(CInterruptSystem*, unsigned int, unsigned int, bool)
                0x001166ec                CPWMSoundBaseDevice::CPWMSoundBaseDevice(CInterruptSystem*, unsigned int, unsigned int, bool)
                0x0011680c                CPWMSoundBaseDevice::StopPWM()
                0x00116848                CPWMSoundBaseDevice::~CPWMSoundBaseDevice()
                0x00116848                CPWMSoundBaseDevice::~CPWMSoundBaseDevice()
                0x001168d4                CPWMSoundBaseDevice::~CPWMSoundBaseDevice()
                0x001168f4                CPWMSoundBaseDevice::Flush()
 .text          0x0011692c      0xa74 ../deps/circle/lib/sound/libsound.a(dmasoundbuffers.o)
                0x0011692c                CDMASoundBuffers::CDMASoundBuffers(bool, unsigned int, TDREQ, unsigned int, CInterruptSystem*)
                0x0011692c                CDMASoundBuffers::CDMASoundBuffers(bool, unsigned int, TDREQ, unsigned int, CInterruptSystem*)
                0x00116988                CDMASoundBuffers::~CDMASoundBuffers()
                0x00116988                CDMASoundBuffers::~CDMASoundBuffers()
                0x00116acc                CDMASoundBuffers::Cancel()
                0x00116afc                CDMASoundBuffers::IsActive() const
                0x00116b14                CDMASoundBuffers::ZeroBuffers()
                0x00116bac                CDMASoundBuffers::GetNextChunk(bool)
                0x00116cd4                CDMASoundBuffers::PutChunk()
                0x00116d7c                CDMASoundBuffers::InterruptHandler()
                0x00116f0c                CDMASoundBuffers::InterruptStub(void*)
                0x00116f30                CDMASoundBuffers::SetupDMAControlBlock(unsigned int)
                0x0011705c                CDMASoundBuffers::Start(unsigned int (*)(bool, unsigned int*, unsigned int, void*), void*)
 .text          0x001173a0      0x2e8 ../deps/circle/lib/fs/libfs.a(partitionmanager.o)
                0x001173a0                CPartitionManager::CPartitionManager(CDevice*, char const*)
                0x001173a0                CPartitionManager::CPartitionManager(CDevice*, char const*)
                0x001173cc                CPartitionManager::~CPartitionManager()
                0x001173cc                CPartitionManager::~CPartitionManager()
                0x00117490                CPartitionManager::Initialize()
 .text          0x00117688      0x288 ../deps/circle/lib/fs/libfs.a(partition.o)
                0x00117688                CPartition::Read(void*, unsigned int)
                0x0011770c                CPartition::Write(void const*, unsigned int)
                0x00117790                CPartition::Seek(unsigned long long)
                0x00117848                CPartition::~CPartition()
                0x00117848                CPartition::~CPartition()
                0x00117870                CPartition::~CPartition()
                0x001178a4                CPartition::CPartition(CDevice*, unsigned int, unsigned int)
                0x001178a4                CPartition::CPartition(CDevice*, unsigned int, unsigned int)
 .text          0x00117910      0x59c ../deps/circle/lib/usb/libusb.a(usbhostcontroller.o)
                0x00117910                CUSBHostController::UpdatePlugAndPlay()
                0x00117a30                CUSBHostController::CUSBHostController(bool)
                0x00117a30                CUSBHostController::CUSBHostController(bool)
                0x00117a78                CUSBHostController::~CUSBHostController()
                0x00117a78                CUSBHostController::~CUSBHostController()
                0x00117ab0                CUSBHostController::~CUSBHostController()
                0x00117af4                CUSBHostController::ControlMessage(CUSBEndpoint*, unsigned char, unsigned char, unsigned short, unsigned short, void*, unsigned short)
                0x00117be0                CUSBHostController::GetDescriptor(CUSBEndpoint*, unsigned char, unsigned char, void*, unsigned int, unsigned char, unsigned short)
                0x00117c14                CUSBHostController::SetAddress(CUSBEndpoint*, unsigned char)
                0x00117c5c                CUSBHostController::SetConfiguration(CUSBEndpoint*, unsigned char)
                0x00117ca4                CUSBHostController::Transfer(CUSBEndpoint*, void*, unsigned int, unsigned int)
                0x00117d08                CUSBHostController::IsPlugAndPlay() const
                0x00117d10                CUSBHostController::PortStatusChanged(CUSBHCIRootPort*)
                0x00117dc8                CUSBHostController::PortStatusChanged(CUSBStandardHub*)
                0x00117e80                CUSBHostController::Get()
 .text._ZN18CUSBHostController24CancelDeviceTransactionsEP10CUSBDevice
                0x00117eac        0x4 ../deps/circle/lib/usb/libusb.a(usbhostcontroller.o)
                0x00117eac                CUSBHostController::CancelDeviceTransactions(CUSBDevice*)
 .text          0x00117eb0      0x52c ../deps/circle/lib/usb/libusb.a(usbkeyboard.o)
                0x00117eb4                CUSBKeyboardDevice::~CUSBKeyboardDevice()
                0x00117eb4                CUSBKeyboardDevice::~CUSBKeyboardDevice()
                0x00117f1c                CUSBKeyboardDevice::~CUSBKeyboardDevice()
                0x00117f3c                CUSBKeyboardDevice::ReportHandler(unsigned char const*, unsigned int)
                0x001180c8                CUSBKeyboardDevice::CUSBKeyboardDevice(CUSBFunction*)
                0x001180c8                CUSBKeyboardDevice::CUSBKeyboardDevice(CUSBFunction*)
                0x00118124                CUSBKeyboardDevice::RegisterKeyPressedHandler(void (*)(char const*))
                0x0011812c                CUSBKeyboardDevice::RegisterSelectConsoleHandler(void (*)(unsigned int))
                0x00118134                CUSBKeyboardDevice::RegisterShutdownHandler(void (*)())
                0x0011813c                CUSBKeyboardDevice::GetLEDStatus() const
                0x00118164                CUSBKeyboardDevice::RegisterKeyStatusHandlerRaw(void (*)(unsigned char, unsigned char const*, void*), bool, void*)
                0x00118194                CUSBKeyboardDevice::RegisterKeyStatusHandlerRaw(void (*)(unsigned char, unsigned char const*), bool)
                0x001181ac                CUSBKeyboardDevice::UnregisterKeyStatusHandlerRaw()
                0x001181bc                CUSBKeyboardDevice::SetLEDs(unsigned char)
                0x00118248                CUSBKeyboardDevice::Configure()
                0x00118338                CUSBKeyboardDevice::UpdateLEDs()
                0x001183b0                CUSBKeyboardDevice::FindByte(unsigned char const*, unsigned char, unsigned int)
 .text.startup  0x001183dc       0x38 ../deps/circle/lib/usb/libusb.a(usbkeyboard.o)
 .text          0x00118414      0x45c ../deps/circle/lib/usb/libusb.a(usbrequest.o)
                0x00118414                CUSBRequest::CUSBRequest(CUSBEndpoint*, void*, unsigned int, TSetupData*)
                0x00118414                CUSBRequest::CUSBRequest(CUSBEndpoint*, void*, unsigned int, TSetupData*)
                0x0011849c                CUSBRequest::~CUSBRequest()
                0x0011849c                CUSBRequest::~CUSBRequest()
                0x001184a0                CUSBRequest::GetEndpoint() const
                0x001184c4                CUSBRequest::SetStatus(int)
                0x001184cc                CUSBRequest::SetResultLen(unsigned int)
                0x001184d4                CUSBRequest::SetUSBError(TUSBError)
                0x001184dc                CUSBRequest::GetStatus() const
                0x001184e4                CUSBRequest::GetResultLength() const
                0x00118510                CUSBRequest::GetUSBError() const
                0x0011853c                CUSBRequest::GetSetupData()
                0x00118588                CUSBRequest::GetBuffer()
                0x001185bc                CUSBRequest::GetBufLen() const
                0x001185c4                CUSBRequest::AddIsoPacket(unsigned short)
                0x00118638                CUSBRequest::GetNumIsoPackets() const
                0x0011865c                CUSBRequest::GetIsoPacketSize(unsigned int) const
                0x0011868c                CUSBRequest::SetCompletionRoutine(void (*)(CUSBRequest*, void*, void*), void*, void*)
                0x001186b8                CUSBRequest::CallCompletionRoutine()
                0x001186f0                CUSBRequest::SetCompleteOnNAK()
                0x001186fc                CUSBRequest::IsCompleteOnNAK() const
                0x00118704                CUSBRequest::operator new(unsigned int)
                0x00118754                CUSBRequest::operator delete(void*, unsigned int)
                0x001187ac                CUSBRequest::InitAllocator(unsigned int)
                0x00118804                CUSBRequest::InitProtectedAllocator(unsigned int, unsigned int)
 .text          0x00118870     0x108c ../deps/circle/lib/usb/libusb.a(usbstandardhub.o)
                0x00118870                CUSBStandardHub::~CUSBStandardHub()
                0x00118870                CUSBStandardHub::~CUSBStandardHub()
                0x0011898c                CUSBStandardHub::~CUSBStandardHub()
                0x001189ac                CUSBStandardHub::CUSBStandardHub(CUSBFunction*)
                0x001189ac                CUSBStandardHub::CUSBStandardHub(CUSBFunction*)
                0x00118a08                CUSBStandardHub::DisablePort(unsigned int)
                0x00118ac0                CUSBStandardHub::RemoveDeviceAt(unsigned int)
                0x00118b04                CUSBStandardHub::StartStatusChangeRequest()
                0x00118bd0                CUSBStandardHub::CompletionRoutine(CUSBRequest*)
                0x00118c68                CUSBStandardHub::CompletionStub(CUSBRequest*, void*, void*)
                0x00118c90                CUSBStandardHub::Initialize()
                0x00118dc4                CUSBStandardHub::EnumeratePorts()
                0x00119404                CUSBStandardHub::ReScanDevices()
                0x00119408                CUSBStandardHub::Configure()
                0x0011956c                CUSBStandardHub::HandlePortStatusChange()
 .text.startup  0x001198fc       0x38 ../deps/circle/lib/usb/libusb.a(usbstandardhub.o)
 .text          0x00119934     0x3088 ../deps/circle/lib/usb/libusb.a(dwhcidevice.o)
                0x00119934                CDWHCIDevice::CancelDeviceTransactions(CUSBDevice*)
                0x0011993c                CDWHCIDevice::CompletionRoutine(CUSBRequest*, void*, void*)
                0x00119988                CDWHCIDevice::CDWHCIDevice(CInterruptSystem*, CTimer*, bool)
                0x00119988                CDWHCIDevice::CDWHCIDevice(CInterruptSystem*, CTimer*, bool)
                0x00119a7c                CDWHCIDevice::DeviceConnected()
                0x00119ab4                CDWHCIDevice::GetPortSpeed()
                0x00119afc                CDWHCIDevice::OvercurrentDetected()
                0x00119b34                CDWHCIDevice::DisableRootPort(bool)
                0x00119ba8                CDWHCIDevice::PowerOn()
                0x00119c14                CDWHCIDevice::Reset()
                0x00119ce8                CDWHCIDevice::InitCore()
                0x00119f58                CDWHCIDevice::EnableGlobalInterrupts()
                0x00119f9c                CDWHCIDevice::EnableCommonInterrupts()
                0x00119fd4                CDWHCIDevice::EnableHostInterrupts()
                0x0011a074                CDWHCIDevice::EnableChannelInterrupt(unsigned int)
                0x0011a0d8                CDWHCIDevice::DisableChannelInterrupt(unsigned int)
                0x0011a13c                CDWHCIDevice::FlushTxFIFO(unsigned int)
                0x0011a1f8                CDWHCIDevice::FlushRxFIFO()
                0x0011a298                CDWHCIDevice::InitHost()
                0x0011a498                CDWHCIDevice::QueueTransaction(CDWHCITransferStageData*)
                0x0011a528                CDWHCIDevice::TransferStageAsync(CUSBRequest*, bool, bool, unsigned int)
                0x0011a5e0                CDWHCIDevice::SubmitAsyncRequest(CUSBRequest*, unsigned int)
                0x0011a6ac                CDWHCIDevice::QueueDelayedTransaction(CDWHCITransferStageData*)
                0x0011a820                CDWHCIDevice::StartChannel(CDWHCITransferStageData*)
                0x0011ac28                CDWHCIDevice::StartTransaction(CDWHCITransferStageData*)
                0x0011aeb0                CDWHCIDevice::SOFInterruptHandler()
                0x0011aec0                CDWHCIDevice::AllocateChannel()
                0x0011af48                CDWHCIDevice::FreeChannel(unsigned int)
                0x0011b5fc                CDWHCIDevice::ChannelInterruptHandler(unsigned int)
                0x0011b60c                CDWHCIDevice::InterruptHandler()
                0x0011b7e0                CDWHCIDevice::InterruptStub(void*)
                0x0011b804                CDWHCIDevice::AllocateWaitBlock()
                0x0011b87c                CDWHCIDevice::FreeWaitBlock(unsigned int)
                0x0011b8ec                CDWHCIDevice::TransferStage(CUSBRequest*, bool, bool, unsigned int)
                0x0011ba38                CDWHCIDevice::SubmitBlockingRequest(CUSBRequest*, unsigned int)
                0x0011bc98                CDWHCIDevice::WaitForBit(CDWHCIRegister*, unsigned int, bool, unsigned int)
                0x0011bd64                CDWHCIDevice::EnableRootPort()
                0x0011be7c                CDWHCIDevice::LogTransactionFailed(unsigned int)
                0x0011bec8                CDWHCIDevice::DumpRegister(char const*, unsigned int)
                0x0011bf2c                CDWHCIDevice::DumpStatus(unsigned int)
                0x0011c5b4                CDWHCIDevice::~CDWHCIDevice()
                0x0011c5b4                CDWHCIDevice::~CDWHCIDevice()
                0x0011c6ac                CDWHCIDevice::~CDWHCIDevice()
                0x0011c6cc                CDWHCIDevice::ReScanDevices()
                0x0011c74c                CDWHCIDevice::Initialize(bool)
 .text          0x0011c9bc      0x448 ../deps/circle/lib/usb/libusb.a(dwhciframeschednper.o)
                0x0011c9bc                CDWHCIFrameSchedulerNonPeriodic::~CDWHCIFrameSchedulerNonPeriodic()
                0x0011c9bc                CDWHCIFrameSchedulerNonPeriodic::~CDWHCIFrameSchedulerNonPeriodic()
                0x0011c9c0                CDWHCIFrameSchedulerNonPeriodic::StartSplit()
                0x0011c9dc                CDWHCIFrameSchedulerNonPeriodic::IsOddFrame() const
                0x0011c9e4                CDWHCIFrameSchedulerNonPeriodic::PeriodicDelay(unsigned short)
                0x0011ca00                CDWHCIFrameSchedulerNonPeriodic::CompleteSplit()
                0x0011ca74                CDWHCIFrameSchedulerNonPeriodic::TransactionComplete(unsigned int)
                0x0011cb78                CDWHCIFrameSchedulerNonPeriodic::GetFrameNumber()
                0x0011cbf0                CDWHCIFrameSchedulerNonPeriodic::~CDWHCIFrameSchedulerNonPeriodic()
                0x0011cc34                CDWHCIFrameSchedulerNonPeriodic::CDWHCIFrameSchedulerNonPeriodic()