Archive member included to satisfy reference by file (symbol)

../circle/addon/fatfs/libfatfs.a(ff.o)
                              kernel.o (f_mount)
../circle/addon/fatfs/libfatfs.a(diskio.o)
                              ../circle/addon/fatfs/libfatfs.a(ff.o) (disk_status)
../circle/addon/fatfs/libfatfs.a(ffsystem.o)
                              ../circle/addon/fatfs/libfatfs.a(ff.o) (ff_mutex_create)
../circle/addon/fatfs/libfatfs.a(ffunicode.o)
                              ../circle/addon/fatfs/libfatfs.a(ff.o) (ff_uni2oem)
../circle/addon/SDCard/libsdcard.a(emmc.o)
                              kernel.o (CEMMCDevice::CEMMCDevice(CInterruptSystem*, CTimer*, CActLED*, CEMMCDevice::TDeviceSelector))
../circle/addon/SDCard/libsdcard.a(mmchost.o)
                              ../circle/addon/SDCard/libsdcard.a(emmc.o) (CMMCHost::SetClock(unsigned int))
../circle/addon/SDCard/libsdcard.a(sdhost.o)
                              ../circle/addon/SDCard/libsdcard.a(emmc.o) (CSDHOSTDevice::~CSDHOSTDevice())
../circle/lib/sound/libsound.a(soundbasedevice.o)
                              kernel.o (CSoundBaseDevice::AllocateQueue(unsigned int))
../circle/lib/sound/libsound.a(hdmisoundbasedevice.o)
                              kernel.o (CHDMISoundBaseDevice::CHDMISoundBaseDevice(CInterruptSystem*, unsigned int, unsigned int))
../circle/lib/sound/libsound.a(pwmsoundbasedevice.o)
                              kernel.o (CPWMSoundBaseDevice::CPWMSoundBaseDevice(CInterruptSystem*, unsigned int, unsigned int, bool))
../circle/lib/sound/libsound.a(dmasoundbuffers.o)
                              ../circle/lib/sound/libsound.a(pwmsoundbasedevice.o) (CDMASoundBuffers::CDMASoundBuffers(bool, unsigned int, TDREQ, unsigned int, CInterruptSystem*))
../circle/lib/fs/libfs.a(partitionmanager.o)
                              ../circle/addon/SDCard/libsdcard.a(emmc.o) (CPartitionManager::CPartitionManager(CDevice*, char const*))
../circle/lib/fs/libfs.a(partition.o)
                              ../circle/lib/fs/libfs.a(partitionmanager.o) (CPartition::CPartition(CDevice*, unsigned int, unsigned int))
../circle/lib/usb/libusb.a(usbhostcontroller.o)
                              kernel.o (CUSBHostController::UpdatePlugAndPlay())
../circle/lib/usb/libusb.a(usbkeyboard.o)
                              kernel.o (CUSBKeyboardDevice::RegisterKeyStatusHandlerRaw(void (*)(unsigned char, unsigned char const*), bool))
../circle/lib/usb/libusb.a(usbrequest.o)
                              ../circle/lib/usb/libusb.a(usbhostcontroller.o) (CUSBRequest::CUSBRequest(CUSBEndpoint*, void*, unsigned int, TSetupData*))
../circle/lib/usb/libusb.a(usbstandardhub.o)
                              ../circle/lib/usb/libusb.a(usbhostcontroller.o) (CUSBStandardHub::HandlePortStatusChange())
../circle/lib/usb/libusb.a(dwhcidevice.o)
                              kernel.o (CDWHCIDevice::CDWHCIDevice(CInterruptSystem*, CTimer*, bool))
../circle/lib/usb/libusb.a(dwhciframeschednper.o)
                              ../circle/lib/usb/libusb.a(dwhcidevice.o) (CDWHCIFrameSchedulerNonPeriodic::InitProtectedAllocator(unsigned int, unsigned int))
../circle/lib/usb/libusb.a(dwhciframeschednsplit.o)
                              ../circle/lib/usb/libusb.a(dwhcidevice.o) (CDWHCIFrameSchedulerNoSplit::InitProtectedAllocator(unsigned int, unsigned int))
../circle/lib/usb/libusb.a(dwhciframeschedper.o)
                              ../circle/lib/usb/libusb.a(dwhcidevice.o) (CDWHCIFrameSchedulerPeriodic::InitProtectedAllocator(unsigned int, unsigned int))
../circle/lib/usb/libusb.a(dwhcirootport.o)
                              ../circle/lib/usb/libusb.a(dwhcidevice.o) (CDWHCIRootPort::~CDWHCIRootPort())
../circle/lib/usb/libusb.a(dwhcixactqueue.o)
                              ../circle/lib/usb/libusb.a(dwhcidevice.o) (CDWHCITransactionQueue::CDWHCITransactionQueue(unsigned int, unsigned int))
../circle/lib/usb/libusb.a(dwhcixferstagedata.o)
                              ../circle/lib/usb/libusb.a(dwhcidevice.o) (CDWHCITransferStageData::CDWHCITransferStageData(unsigned int, CUSBRequest*, bool, bool, unsigned int))
../circle/lib/usb/libusb.a(dwhciframeschediso.o)
                              ../circle/lib/usb/libusb.a(dwhcixferstagedata.o) (CDWHCIFrameSchedulerIsochronous::CDWHCIFrameSchedulerIsochronous(bool))
../circle/lib/usb/libusb.a(usbdevice.o)
                              ../circle/lib/usb/libusb.a(dwhcirootport.o) (CUSBDevice::CUSBDevice(CUSBHostController*, TUSBSpeed, CUSBHCIRootPort*))
../circle/lib/usb/libusb.a(usbdevicefactory.o)
                              ../circle/lib/usb/libusb.a(usbdevice.o) (CUSBDeviceFactory::GetDevice(CUSBFunction*, CString*))
../circle/lib/usb/libusb.a(usbendpoint.o)
                              ../circle/lib/usb/libusb.a(usbdevice.o) (CUSBEndpoint::CUSBEndpoint(CUSBDevice*))
../circle/lib/usb/libusb.a(usbfunction.o)
                              ../circle/lib/usb/libusb.a(usbkeyboard.o) (CUSBFunction::Initialize())
[...]
Memory Configuration

Name             Origin             Length             Attributes
*default*        0x00000000         0xffffffff

Linker script and memory map

Address of section .init set to 0x8000

.init           0x00008000       0xf8
 *(.init)
 .init          0x00008000       0xf8 ../circle/lib/libcircle.a(startup.o)
                0x00008000                _start
                0x00008064                _start_secondary

.text           0x00008100   0x13a360
 *(.text*)
 .text          0x00008100        0x0 main.o
 .text.startup  0x00008100       0x68 main.o
                0x00008100                main
 .text          0x00008168     0x57b8 kernel.o
                0x00008168                CKernel::GamePadStatusHandler(unsigned int, TGamePadState const*)
                0x00008354                CKernel::KeyboardStatusHandlerRaw(unsigned char, unsigned char const*)
                0x00008818                CKernel::GamePadRemovedHandler(CDevice*, void*)
                0x00008838                CKernel::KeyboardRemovedHandler(CDevice*, void*)
                0x00008b68                CEmulatorMultiCore::CEmulatorMultiCore(CMemorySystem*, CKernel*)
                0x00008b68                CEmulatorMultiCore::CEmulatorMultiCore(CMemorySystem*, CKernel*)
                0x00008b90                CKernel::CKernel()
                0x00008b90                CKernel::CKernel()
                0x00008d70                CKernel::RunOrchestrator()
                0x0000925c                CKernel::Run()
                0x00009298                CKernel::RunVideoDomain()
                0x0000ce3c                CKernel::RunAudioDomain()
                0x0000d190                CKernel::~CKernel()
                0x0000d190                CKernel::~CKernel()
                0x0000d324                CKernel::Initialize()
                0x0000d688                CKernel::RunInputDomain()
                0x0000d8d0                CEmulatorMultiCore::Run(unsigned int)
 .text._ZN18CEmulatorMultiCoreD2Ev
                0x0000d920       0x20 kernel.o
                0x0000d920                CEmulatorMultiCore::~CEmulatorMultiCore()
                0x0000d920                CEmulatorMultiCore::~CEmulatorMultiCore()
 .text._ZN18CEmulatorMultiCoreD0Ev
                0x0000d940       0x2c kernel.o
                0x0000d940                CEmulatorMultiCore::~CEmulatorMultiCore()
 *fill*         0x0000d96c        0x4 
 .text          0x0000d970     0x38a0 osd.o
                0x0000df50                COSDMenu::COSDMenu(FATFS*)
                0x0000df50                COSDMenu::COSDMenu(FATFS*)
                0x0000e100                COSDMenu::~COSDMenu()
                0x0000e100                COSDMenu::~COSDMenu()
                0x0000e104                COSDMenu::CalculateTabLabels()
                0x0000f2d0                COSDMenu::BuildFilteredList()
                0x0000f894                COSDMenu::Update()
                0x0000fa5c                COSDMenu::MoveUp()
                0x0000fa88                COSDMenu::MoveDown()
                0x0000fab8                COSDMenu::MoveLeft()
                0x000100bc                COSDMenu::MoveRight()
                0x000106c0                COSDMenu::GetSelectedRom()
                0x00010710                COSDMenu::GetSelectedRomSize()
                0x00010764                COSDMenu::LoadFavorites()
                0x0001093c                COSDMenu::ScanRoms()
                0x00010a6c                COSDMenu::Initialize()
                0x00011044                COSDMenu::SaveFavorites()
                0x0001114c                COSDMenu::FavoriteCurrent()
                0x000111b0                COSDMenu::UnfavoriteCurrent()
 .text          0x00011210      0xe00 emu_orchestrator.o
                0x0001144c                lprintf
                0x00011568                plat_mmap
                0x00011570                plat_mremap
                0x00011578                plat_munmap
                0x0001157c                plat_mem_get_for_drc
                0x00011584                plat_mem_set_exec
                0x0001158c                CEmuOrchestrator::CEmuOrchestrator(FATFS*)
                0x0001158c                CEmuOrchestrator::CEmuOrchestrator(FATFS*)
                0x000115e8                CEmuOrchestrator::~CEmuOrchestrator()
                0x000115e8                CEmuOrchestrator::~CEmuOrchestrator()
                0x00011648                CEmuOrchestrator::Initialize()
                0x000116a0                CEmuOrchestrator::LoadROM(char const*, unsigned int)
                0x0001198c                CEmuOrchestrator::SaveState(int)
                0x00011ab4                CEmuOrchestrator::LoadState(int)
                0x00011bdc                CEmuOrchestrator::IsPAL() const
                0x00011bf4                CEmuOrchestrator::CaptureRewindState()
                0x00011d08                CEmuOrchestrator::RunFrame()
                0x00011ea0                CEmuOrchestrator::RewindState()
 .text          0x00012010     0x1f84 clib_stubs.o
                0x00012010                strdup
                0x0001204c                fclose
                0x00012080                fread
                0x00012130                fwrite
                0x000121a0                fseek
                0x000122c0                ftell
                0x00012304                fseeko
                0x00012424                ftello
                0x00012468                fflush
                0x00012494                fputc
                0x000124f8                fdopen
                0x00012500                strerror
                0x0001250c                fprintf
                0x0001251c                gettimeofday
                0x0001254c                strrchr
                0x00012590                strtol
                0x00012780                sscanf
                0x00012db8                rand
                0x00012de0                srand
                0x00012df0                fgets
                0x0001306c                feof
                0x000130a0                abs
                0x000130ac                perror
                0x000130bc                qsort
                0x00013a50                putchar
                0x00013a70                Pico32xPrepare
                0x00013a74                openzip
                0x00013a7c                closezip
                0x00013a80                readzip
                0x00013a88                seekcompresszip
                0x00013a90                emu_video_mode_change
                0x00013ab4                mp3_get_bitrate
                0x00013abc                mp3_start_play
                0x00013ac0                mp3_update
                0x00013ac4                ogg_get_length
                0x00013acc                ogg_start_play
                0x00013ad0                ogg_stop_play
                0x00013ad4                ogg_update
                0x00013ad8                cache_flush_d_inval_i
                0x00013b04                stpcpy
                0x00013b20                puts
                0x00013b3c                _close
                0x00013b44                _fstat
                0x00013b4c                _isatty
                0x00013b54                _lseek
                0x00013b5c                _read
                0x00013b64                _write
                0x00013b6c                sprintf
                0x00013bd8                snprintf
                0x00013c60                fopen
                0x00013e80                vsnprintf
                0x00013efc                printf
 *fill*         0x00013f94        0x4 
 .text          0x00013f98     0x18b8 ../picodrive/pico/pico.o
                0x000140c4                PicoInit
                0x0001415c                PicoExit
                0x000141c8                PicoDetectRegion
                0x0001475c                PicoReset
                0x000148c0                PicoPower
                0x000149a4                PicoLoopPrepare
                0x00014a84                PicoSyncZ80
                0x00014adc                PicoFrame
                0x0001578c                PicoFrameDrawOnly
                0x000157d4                PicoGetInternal
 .text          0x00015850     0x41fc ../picodrive/pico/cart.o
                0x00017930                pm_open
                0x00017fd8                pm_sectorsize
                0x0001802c                pm_read
                0x0001845c                pm_read_audio
                0x0001849c                pm_seek
                0x000186b8                pm_close
                0x00018760                Byteswap
                0x00018a1c                PicoCartAlloc
                0x00018af0                PicoCartLoad
                0x000191e0                PicoCartInsert
                0x00019718                PicoCartResize
                0x00019758                PicoCartUnload
                0x000197bc                rom_strcmp
 *fill*         0x00019a4c        0x4 
 .text          0x00019a50     0x6654 ../picodrive/pico/memory.o
                0x0001a540                PicoRead8_vdp
                0x0001aeec                z80_map_set
                0x0001b280                cpu68k_map_set
                0x0001b57c                cpu68k_map_read_mem
                0x0001b75c                cpu68k_map_all_ram
                0x0001b9c4                cpu68k_map_read_funcs
                0x0001bbb4                cpu68k_map_all_funcs
                0x0001be68                PicoRead16_floating
                0x0001beb0                m68k_map_unmap
                0x0001c510                cyclone_crashed
                0x0001c580                PicoPortUpdate
                0x0001c628                PicoPortTrigger
                0x0001c6bc                PicoReadPad
                0x0001c6f0                PicoSetInputDevice
                0x0001c7b8                io_ports_read
                0x0001c810                io_ports_write
                0x0001ca54                io_ports_reset
                0x0001caa0                io_ports_pack
                0x0001cd08                io_ports_unpack
                0x0001d014                ctl_write_z80busreq
                0x0001d0e4                ctl_write_z80reset
                0x0001d1ec                PicoMemSetup
                0x0001ed38                ym2612_sync_timers
                0x0001f86c                ym2612_pack_timers
                0x0001f9d8                ym2612_pack_state_old
                0x0001f9fc                ym2612_unpack_timers
                0x0001faf0                ym2612_unpack_state_old
                0x0002008c                PicoRead8_32x
                0x00020094                PicoRead16_32x
                0x0002009c                PicoWrite8_32x
                0x000200a0                PicoWrite16_32x
 .text          0x000200a4     0x341c ../picodrive/pico/state.o
                0x00022f6c                PicoState
                0x00023154                PicoStateFP
                0x0002318c                PicoStateLoadGfx
                0x00023354                PicoTmpStateSave
                0x00023400                PicoTmpStateRestore
 .text          0x000234c0      0x824 ../picodrive/pico/sek.o
                0x00023708                SekInit
                0x0002375c                SekReset
                0x0002377c                SekStepM68k
                0x000237c4                SekSetRealTAS
                0x000237d0                SekPackCpu
                0x000238bc                SekUnpackCpu
                0x000239bc                SekInitIdleDet
                0x000239f0                SekIsIdleReady
                0x00023a18                SekIsIdleCode
                0x00023c20                SekRegisterIdlePatch
                0x00023ccc                SekFinishIdleDet
 .text          0x00023ce4      0x550 ../picodrive/pico/z80if.o
                0x00023d24                z80_read
                0x00023d5c                z80_init
                0x00023d94                z80_reset
                0x00023e0c                z80_pack
                0x00023fa4                z80_unpack
                0x00024204                z80_exit
                0x00024208                z80_debug
 *fill*         0x00024234        0x4 
 .text          0x00024238     0x57b0 ../picodrive/pico/videoport.o
                0x00024614                PicoVideoInit
                0x00026998                PicoVideoFIFOSync
                0x00026bc0                PicoVideoFIFOWrite
                0x000272e8                PicoVideoFIFOHint
                0x00027374                PicoVideoFIFOMode
                0x00027424                PicoVideoSync
                0x000281bc                PicoVideoWrite
                0x00028a6c                PicoVideoRead
                0x00028db8                PicoVideoRead8DataH
                0x00028f44                PicoVideoRead8DataL
                0x000290d0                PicoVideoRead8CtlH
                0x00029178                PicoVideoRead8CtlL
                0x00029220                PicoVideoRead8HV_H
                0x00029244                PicoVideoRead8HV_L
                0x00029290                PicoVideoReset
                0x000293a8                PicoVideoTriggerTH
                0x0002944c                PicoVideoCacheSAT
                0x00029604                PicoVideoSave
                0x000297b4                PicoVideoLoad
 .text          0x000299e8      0x884 ../picodrive/pico/draw2.o
                0x00029d24                PicoFrameFull
                0x0002a224                PicoDraw2SetOutBuf
                0x0002a24c                PicoDraw2Init
 *fill*         0x0002a26c        0x4 
 .text          0x0002a270     0x68bc ../picodrive/pico/draw.o
                0x0002b7ac                FinalizeLine8bit
                0x0002dac0                DrawStripInterlace
                0x0002e048                DrawStripVSRamInterlace
                0x0002e734                BgcDMA
                0x0002f874                PicoFrameStart
                0x0002fa78                PicoDrawSync
                0x0002ff8c                PicoDrawRefreshSprites
                0x000300fc                PicoDrawBgcDMA
                0x000301c0                PicoDrawUpdateHighPal
                0x0003068c                PicoDrawSetOutFormat
                0x00030768                PicoDrawSetOutBufMD
                0x000308cc                PicoDrawSetOutBuf
                0x00030a54                PicoDrawSetInternalBuf
                0x00030ad8                PicoDrawSetCallbacks
                0x00030af4                PicoDrawInit
 *fill*         0x00030b2c        0x4 
 .text          0x00030b30     0x26ec ../picodrive/pico/mode4.o
                0x00031354                PicoFrameStartSMS
                0x0003162c                PicoParseSATSMS
                0x00031fcc                PicoLineSMS
                0x00032e18                PicoDoHighPal555SMS
                0x0003319c                PicoDrawSetOutputSMS
 *fill*         0x0003321c        0x4 
 .text          0x00033220     0x386c ../picodrive/pico/sms.o
                0x00034fa4                PicoPowerMS
                0x00035070                PicoMemSetupMS
                0x00035370                PicoStateLoadedMS
                0x00035580                PicoPrepareMS
                0x000355c0                PicoFrameMS
                0x00035e70                PicoFrameDrawOnlyMS
                0x00035f70                PicoCloseTape
                0x0003619c                PicoResetMS
                0x00036620                PicoPlayTape
                0x00036764                PicoRecordTape
 .text          0x00036a8c        0x0 ../picodrive/pico/misc.o
 .text          0x00036a8c      0x7bc ../picodrive/pico/eeprom.o
                0x00036cf4                EEPROM_write16
                0x00036dc0                EEPROM_write8
                0x00036ea4                EEPROM_read
 .text          0x00037248     0x123c ../picodrive/pico/patch.o
                0x00037248                genie_decode_ms
                0x000373d4                ar_decode_ms
                0x000374e4                fusion_ram_decode
                0x000375f4                fusion_rom_decode
                0x00037754                decode
                0x00037b30                PicoPatchUnload
                0x00037b60                PicoPatchLoad
                0x00037fac                PicoPatchPrepare
                0x00038078                PicoPatchApply
 *fill*         0x00038484        0x4 
 .text          0x00038488     0x2460 ../picodrive/pico/debug.o
                0x00038488                PDebugMain
                0x00038994                PDebug32x
                0x000389a8                PDebugSpriteList
                0x00038ab4                PDebugShowSpriteStats
                0x00038d58                PDebugShowPalette
                0x00039078                PDebugShowSprite
                0x00039300                PDebugDumpMem
                0x0003a730                PDebugZ80Frame
                0x0003a8c0                PDebugCPUStep
 .text          0x0003a8e8     0x1028 ../picodrive/pico/media.o
                0x0003ae90                PicoCdCheck
                0x0003b33c                PicoLoadMedia
 .text          0x0003b910     0x3e10 ../picodrive/pico/carthw/carthw.o
                0x0003df5c                carthw_ssf2_write16
                0x0003e070                carthw_ssf2_write8
                0x0003f064                carthw_ssf2_startup
                0x0003f0fc                carthw_Xin1_startup
                0x0003f170                carthw_realtec_startup
                0x0003f200                carthw_radica_startup
                0x0003f274                carthw_pier_startup
                0x0003f3a0                carthw_sf001_startup
                0x0003f3f8                carthw_sf002_startup
                0x0003f450                carthw_sf004_startup
                0x0003f4a8                carthw_flash_startup
                0x0003f4f4                carthw_sprot_new_location
                0x0003f54c                carthw_sprot_startup
                0x0003f5ac                carthw_lk3_startup
                0x0003f660                carthw_smw64_startup
                0x0003f6d4                carthw_jcart_startup
 .text          0x0003f720      0x380 ../picodrive/pico/carthw/eeprom_spi.o
                0x0003f720                eeprom_spi_init
                0x0003f754                eeprom_spi_write
                0x0003fa90                eeprom_spi_read
 .text          0x0003faa0      0x260 ../picodrive/pico/carthw/svp/svp.o
                0x0003fbe0                PicoSVPInit
                0x0003fbe4                PicoSVPStartup
 .text          0x0003fd00      0x3f8 ../picodrive/pico/carthw/svp/memory.o
                0x0003ff68                PicoSVPMemSetup
 .text          0x000400f8     0x32fc ../picodrive/pico/carthw/svp/ssp16.o
                0x00041d90                ssp1601_reset
                0x00041dd4                ssp1601_run
 *fill*         0x000433f4        0x4 
 .text          0x000433f8     0x3338 ../picodrive/pico/sound/sound.o
                0x00043848                PsndInit
                0x0004387c                PsndExit
                0x000438c4                PsndStartFrame
                0x000438fc                PsndDoDAC
                0x00043f84                PsndDoPSG
                0x00043ff0                PsndDoSMSFM
                0x000449dc                PsndDoFM
                0x00044a60                PsndDoPCM
                0x00044ac4                cdda_start_play
                0x00044b64                cdda_stop_play
                0x00044ba8                PsndClear
                0x00044c6c                PsndRerate
                0x0004507c                PsndReset
                0x000450e0                PsndGetSamples
                0x00045d18                PsndGetSamplesMS
 .text          0x00046730      0xb50 ../picodrive/pico/sound/resampler.o
                0x00046730                resampler_free
                0x00046758                resampler_new
                0x00046c50                resampler_update
 .text          0x00047280      0x6b8 ../picodrive/pico/sound/sn76496.o
                0x00047280                SN76496Write
                0x000473e4                SN76496Update
                0x000477bc                SN76496Config
                0x000477d0                SN76496_set_clockrate
                0x00047810                SN76496_init
 .text          0x00047938     0x38bc ../picodrive/pico/sound/ym2612.o
                0x000487c4                YM2612UpdateOne_
                0x00048d98                YM2612ResetChip_
                0x00048fc0                YM2612Init_
                0x00049748                YM2612Write_
                0x00049da4                YM2612PicoStateLoad_
                0x00049e48                YM2612PicoStateSave2
                0x0004a134                YM2612PicoStateLoad2
                0x0004a58c                YM2612PicoStateSave3
                0x0004ac60                YM2612PicoStateLoad3
                0x0004b1e8                YM2612GetRegs
 *fill*         0x0004b1f4        0x4 
 .text          0x0004b1f8     0x674c ../picodrive/pico/sound/ym2413.o
                0x0004eb14                OPLL_RateConv_new
                0x0004eec0                OPLL_RateConv_reset
                0x0004ef00                OPLL_RateConv_putData
                0x0004ef24                OPLL_RateConv_getData
                0x0004f39c                OPLL_RateConv_delete
                0x0004f3ec                OPLL_delete
                0x0004f450                OPLL_reset
                0x0004f45c                OPLL_forceRefresh
                0x0004f72c                OPLL_setRate
                0x0004f734                OPLL_setQuality
                0x0004f738                OPLL_setChipType
                0x0004f740                OPLL_writeReg
                0x0004f74c                OPLL_writeIO
                0x0004f770                OPLL_setPan
                0x0004f780                OPLL_setPanFine
                0x0004f7ac                OPLL_dumpToPatch
                0x0004f8dc                OPLL_new
                0x00050334                OPLL_getDefaultPatch
                0x0005047c                OPLL_setPatch
                0x0005065c                OPLL_patchToDump
                0x0005071c                OPLL_copyPatch
                0x00050770                OPLL_resetPatch
                0x000507fc                OPLL_calc
                0x000509ec                OPLL_calcStereo
                0x00050d58                OPLL_setMask
                0x00050d6c                OPLL_toggleMask
                0x00050d84                YM2413_regWrite
                0x00050d9c                YM2413_dataWrite
                0x00050dc0                ym2413_pack_state
                0x00051200                ym2413_unpack_state
 .text          0x00051944     0x1b58 ../picodrive/pico/sound/vgm.o
                0x00051c5c                vgm_load
                0x00052018                rf5c164_write
                0x000520d4                vgm_frame
                0x00053398                vgm_reset
                0x00053468                vgm_finish
 .text          0x0005349c      0x174 ../picodrive/pico/m68kif_cyclone.o
                0x0005349c                cyclone_checkpc
                0x000534e0                cyclone_read8
                0x000534e0                cyclone_fetch8
                0x00053504                cyclone_fetch16
                0x00053504                cyclone_read16
                0x00053528                cyclone_fetch32
                0x00053528                cyclone_read32
                0x00053584                cyclone_write8
                0x000535a8                cyclone_write16
                0x000535cc                cyclone_write32
 .text          0x00053610    0x23fb4 ../picodrive/cpu/cyclone/Cyclone.o
                0x00053610                CycloneVer
                0x00053614                CycloneRun
                0x0005369c                CycloneInitJT
                0x000536b0                CycloneResetJT
                0x000536f8                CycloneSetRealTAS_JT
                0x00053800                CycloneSetSr
                0x00053830                CycloneGetSr
                0x00053860                CyclonePack
                0x000538b8                CycloneUnpack
                0x00053920                CycloneFlushIrq
                0x0005397c                CycloneDoInterrupt
                0x00053c9c                CycloneDoTrace
                0x00053d0c                Op____
                0x00053e20                Op6702
                0x00053e50                Op6602
                0x00054008                Op6002
 .text          0x000775c4      0x194 ../picodrive/cpu/cyclone/tools/idle.o
                0x000775c4                CycloneInitIdleJT
                0x0007761c                CycloneFinishIdleJT
 *fill*         0x00077758        0x8 
 .text          0x00077760     0x7ec4 ../picodrive/cpu/DrZ80/drz80.o
                0x000778b4                DrZ80Run
 *fill*         0x0007f624        0x4 
 .text          0x0007f628      0x104 ../picodrive/cpu/drc/cmn.o
                0x0007f628                drc_cmn_init
                0x0007f728                drc_cmn_cleanup
 .text          0x0007f72c     0x23d4 ../picodrive/pico/draw_arm.o
                0x0007f72c                DrawLayer
                0x0007fe28                BackFill
                0x0007fe88                DrawTilesFromCache
                0x00080230                DrawSpritesSHi
                0x000809a4                DrawAllSprites
                0x00080f68                DrawWindow
                0x00081180                vidConvCpyRGB565
                0x0008126c                PicoDoHighPal555
                0x00081408                FinalizeLine555
                0x000819b8                blockcpy
                0x00081a44                blockcpy_or
 .text          0x00081b00     0x2294 ../picodrive/pico/draw2_arm.o
                0x00081b00                BackFillFull
                0x00081b7c                DrawLayerFull
                0x0008258c                DrawTilesFromCacheF
                0x00082e08                DrawWindowFull
                0x00083558                DrawSpriteFull
 *fill*         0x00083d94        0xc 
 .text          0x00083da0      0x3a0 ../picodrive/pico/memory_arm.o
                0x00083da0                PicoRead8_sram
                0x00083e20                PicoRead8_io
                0x00083e7c                PicoRead16_sram
                0x00083ee4                PicoRead16_io
                0x00083f48                PicoWrite8_io
                0x00083fa8                PicoWrite16_io
                0x00083ffc                m68k_read8
                0x00084020                m68k_read16
                0x00084044                m68k_read32
                0x000840a0                m68k_write8
                0x000840c4                m68k_write16
                0x000840e8                m68k_write32
 .text          0x00084140     0x1024 ../picodrive/pico/sound/ym2612_arm.o
                0x00084140                chan_render_loop
 *fill*         0x00085164        0xc 
 .text          0x00085170      0x730 ../picodrive/pico/sound/mix_arm.o
                0x00085170                mix_16h_to_32
                0x00085204                mix_16h_to_32_s1
                0x0008529c                mix_16h_to_32_s2
                0x00085334                mix_16h_to_32_resample_stereo
                0x000853c8                mix_16h_to_32_resample_mono
                0x0008545c                mix_32_to_16_stereo
                0x0008561c                mix_32_to_16_mono
                0x00085874                mix_reset
 .text          0x000858a0      0x10c ../picodrive/pico/misc_arm.o
                0x000858a0                memcpy16bswap
                0x00085970                memset32
 .text          0x000859ac      0x9f8 ../picodrive/pico/cd/memory_arm.o
                0x000859b4                PicoReadM68k8_cell0
                0x000859bc                PicoReadM68k8_cell1
                0x00085a58                PicoRead8_mcd_io
                0x00085b8c                PicoReadM68k16_cell0
                0x00085b94                PicoReadM68k16_cell1
                0x00085c30                PicoRead16_mcd_io
                0x00085d18                PicoWriteM68k8_cell0
                0x00085d20                PicoWriteM68k8_cell1
                0x00085dc4                PicoWrite8_mcd_io
                0x00085de4                PicoWriteM68k16_cell0
                0x00085dec                PicoWriteM68k16_cell1
                0x00085e8c                PicoWrite16_mcd_io
                0x00085edc                PicoReadS68k8_dec0
                0x00085ee4                PicoReadS68k8_dec1
                0x00085f0c                PicoReadS68k8_pr
                0x00085fc0                PicoReadS68k16_dec0
                0x00085fc8                PicoReadS68k16_dec1
                0x00085ff0                PicoReadS68k16_pr
                0x00086018                PicoWriteS68k8_dec_m2b0
                0x00086020                PicoWriteS68k8_dec_m0b0
                0x00086028                PicoWriteS68k8_dec_m2b1
                0x00086030                PicoWriteS68k8_dec_m0b1
                0x00086068                PicoWriteS68k8_dec_m1b0
                0x00086070                PicoWriteS68k8_dec_m1b1
                0x000860b4                PicoWriteS68k8_pr
                0x00086140                PicoWriteS68k16_dec_m0b0
                0x00086148                PicoWriteS68k16_dec_m0b1
                0x00086170                PicoWriteS68k16_dec_m1b0
                0x00086178                PicoWriteS68k16_dec_m1b1
                0x000861c4                PicoWriteS68k16_dec_m2b0
                0x000861cc                PicoWriteS68k16_dec_m2b1
                0x00086218                PicoWriteS68k16_pr
                0x0008625c                s68k_read8
                0x00086280                s68k_read16
                0x000862a4                s68k_read32
                0x00086300                s68k_write8
                0x00086324                s68k_write16
                0x00086348                s68k_write32
 .text          0x000863a4      0x108 ../picodrive/pico/cd/misc_arm.o
                0x000863a4                wram_2M_to_1M
                0x00086428                wram_1M_to_2M
 .text          0x000864ac     0x241c ../picodrive/pico/cd/mcd.o
                0x00086f74                PicoCreateMCD
                0x00087030                PicoInitMCD
                0x00087034                PicoExitMCD
                0x00087068                PicoPowerMCD
                0x00087208                pcd_soft_reset
                0x000872d8                PicoResetMCD
                0x00087350                PicoMCDPrepare
                0x000873c4                pcd_cycles_m68k_to_s68k
                0x000873e0                pcd_event_schedule
                0x00087430                pcd_event_schedule_s68k
                0x000874c0                pcd_irq_s68k
                0x00087504                pcd_sync_s68k
                0x00087858                pcd_run_cpus
                0x00087a1c                pcd_run_cpus_lockstep
                0x00087a88                pcd_prepare_frame
                0x00087ab4                PicoFrameMCD
                0x00088680                pcd_state_loaded
 .text          0x000888c8     0x226c ../picodrive/pico/cd/memory.o
                0x0008915c                m68k_comm_check
                0x000892b4                pcd_stopwatch_read
                0x00089330                m68k_reg_write8
                0x0008978c                s68k_poll_detect
                0x00089880                s68k_reg_read16
                0x00089c70                s68k_reg_write8
                0x0008a1b0                s68k_reg_write16
                0x0008a500                pcd_state_loaded_mem
                0x0008a5c4                PicoMemSetupCD
 .text          0x0008ab34      0x1f4 ../picodrive/pico/cd/sek.o
                0x0008ac0c                SekInitS68k
                0x0008ac4c                SekResetS68k
                0x0008ac6c                SekInterruptS68k
                0x0008acc0                SekInterruptClearS68k
 .text          0x0008ad28     0x10ac ../picodrive/pico/cd/cdc.o
                0x0008ad28                cdc_init
                0x0008ad3c                cdc_reset
                0x0008adb0                cdc_context_save
                0x0008adf8                cdc_context_load
                0x0008ae80                cdc_context_load_old
                0x0008af80                cdc_dma_update
                0x0008b33c                cdc_decoder_update
                0x0008b460                cdc_reg_w
                0x0008b93c                cdc_reg_r
                0x0008bbd0                cdc_host_r
 *fill*         0x0008bdd4        0x4 
 .text          0x0008bdd8     0x22d0 ../picodrive/pico/cd/cdd.o
                0x0008bdd8                cdd_reset
                0x0008be3c                cdd_play_audio
                0x0008c078                cdd_context_save
                0x0008c0c4                cdd_context_load
                0x0008c16c                cdd_context_load_old
                0x0008c1e8                cdd_unload
                0x0008c308                cdd_load
                0x0008caec                cdd_read_data
                0x0008cb9c                cdd_process
                0x0008dcc4                cdd_update
 .text          0x0008e0a8      0xa90 ../picodrive/pico/cd/cd_image.o
                0x0008e19c                load_cd_image
 .text          0x0008eb38     0x1f20 ../picodrive/pico/cd/cd_parse.o
                0x0008ecf4                chd_parse
                0x0008f058                cue_parse
                0x000908b4                cdparse_destroy
 .text          0x00090a58      0xe88 ../picodrive/pico/cd/gfx.o
                0x00090a58                gfx_init
                0x00090ec0                gfx_context_save
                0x00090f38                gfx_context_load
                0x00090fb0                gfx_start
                0x00091150                gfx_update
 .text          0x000918e0      0x564 ../picodrive/pico/cd/gfx_dma.o
                0x000918e0                DmaSlowCell
 .text          0x00091e44        0x0 ../picodrive/pico/cd/misc.o
 .text          0x00091e44      0x850 ../picodrive/pico/cd/pcm.o
                0x00091e44                pcd_pcm_sync
                0x00092184                pcd_pcm_write
                0x00092254                pcd_pcm_read
                0x000922d0                pcd_pcm_update
 .text          0x00092694      0x950 ../picodrive/pico/cd/megasd.o
                0x00092760                msd_reset
                0x00092874                msd_update
                0x00092934                msd_process
                0x00092d28                msd_load
                0x00092d84                msd_write16
                0x00092fb8                msd_write8
 .text          0x00092fe4      0x19c ../picodrive/pico/pico/pico.o
                0x000930e0                PicoReratePico
                0x00093104                PicoInitPico
 .text          0x00093180      0x9c4 ../picodrive/pico/pico/memory.o
                0x000939bc                get_ticks
                0x00093a00                PicoMemSetupPico
 *fill*         0x00093b44        0x4 
 .text          0x00093b48     0x1520 ../picodrive/pico/pico/xpcm.o
                0x00093b48                PicoPicoPCMResetN
                0x00093b90                PicoPicoPCMStartN
                0x00093ba0                PicoPicoPCMBusyN
                0x00093bbc                PicoPicoPCMRerate
                0x00093e18                PicoPicoPCMGain
                0x00093e2c                PicoPicoPCMFilter
                0x00093e7c                PicoPicoPCMIrqEn
                0x00093e98                PicoPicoIrqAck
                0x00093ed0                PicoPicoPCMUpdate
                0x00094f98                PicoPicoPCMSave
                0x00095018                PicoPicoPCMLoad
 .text          0x00095068      0x5d4 ../picodrive/zlib/adler32.o
                0x00095068                adler32
                0x000955a8                adler32_combine
 .text          0x0009563c      0x150 ../picodrive/zlib/compress.o
                0x0009563c                compress2
                0x000956dc                compress
                0x0009577c                compressBound
 *fill*         0x0009578c        0x4 
 .text          0x00095790      0x920 ../picodrive/zlib/crc32.o
                0x00095790                get_crc_table
                0x0009579c                crc32
                0x00095dac                crc32_combine
 .text          0x000960b0     0x38fc ../picodrive/zlib/deflate.o
                0x00097ca8                deflateSetDictionary
                0x00097e90                deflateReset
                0x00097ff8                deflateSetHeader
                0x0009802c                deflatePrime
                0x0009806c                deflateTune
                0x000980a4                deflateBound
                0x000980ec                deflate
                0x00099168                deflateParams
                0x0009924c                deflateEnd
                0x0009934c                deflateInit2_
                0x000995b8                deflateInit_
                0x000997b8                deflateCopy
 *fill*         0x000999ac        0x4 
 .text          0x000999b0     0x244c ../picodrive/zlib/gzio.o
                0x0009a524                gzsetparams
                0x0009a59c                destroy
                0x0009a944                gzopen
                0x0009a94c                gzdopen
                0x0009a990                gzread
                0x0009b08c                gzgetc
                0x0009b0b4                gzungetc
                0x0009b124                gzgets
                0x0009b2c8                gzwrite
                0x0009b3e0                gzprintf
                0x0009b568                gzputc
                0x0009b688                gzputs
                0x0009b7a8                gzflush
                0x0009b800                gzseek
                0x0009bb50                gzrewind
                0x0009bbdc                gztell
                0x0009bbe8                gzeof
                0x0009bc2c                gzdirect
                0x0009bc48                gzclose
                0x0009bce0                gzerror
 *fill*         0x0009bdfc        0x4 
 .text          0x0009be00     0x1b74 ../picodrive/zlib/infback.o
                0x0009be00                inflateBackInit_
                0x0009bef0                inflateBack
                0x0009d930                inflateBackEnd
 *fill*         0x0009d974        0x4 
 .text          0x0009d978     0x1dbc ../picodrive/zlib/inffast.o
                0x0009d978                inflate_fast
 *fill*         0x0009f734        0x4 
 .text          0x0009f738     0x3e54 ../picodrive/zlib/inflate.o
                0x0009f864                inflateReset
                0x0009f8e8                inflatePrime
                0x0009f94c                inflateInit2_
                0x0009fab4                inflateInit_
                0x0009fbd0                inflate
                0x000a2eb4                inflateEnd
                0x000a2f18                inflateSetDictionary
                0x000a3000                inflateGetHeader
                0x000a303c                inflateSync
                0x000a3328                inflateSyncPoint
                0x000a3368                inflateCopy
 .text          0x000a358c      0xe18 ../picodrive/zlib/inftrees.o
                0x000a358c                inflate_table
 *fill*         0x000a43a4        0x4 
 .text          0x000a43a8     0x3194 ../picodrive/zlib/trees.o
                0x000a6408                _tr_init
                0x000a65ac                _tr_stored_block
                0x000a68c0                _tr_align
                0x000a6ba4                _tr_flush_block
                0x000a7480                _tr_tally
 .text          0x000a753c       0xbc ../picodrive/zlib/uncompr.o
                0x000a753c                uncompress
 .text          0x000a75f8       0x38 ../picodrive/zlib/zutil.o
                0x000a75f8                zlibVersion
                0x000a7604                zlibCompileFlags
                0x000a760c                zError
                0x000a7620                zcalloc
                0x000a7628                zcfree
 .text          0x000a7630     0x4fe4 ../picodrive/pico/cd/libchdr/src/libchdr_chd.o
                0x000aab60                crc16
                0x000aac78                chd_precache
                0x000aad6c                chd_close
                0x000aad8c                chd_core_file
                0x000aad94                chd_error_string
                0x000aadb4                chd_get_header
                0x000aadd8                chd_read
                0x000aae24                chd_get_metadata
                0x000ac320                chd_open_core_file
                0x000ac364                chd_open_file
                0x000ac420                chd_open
                0x000ac50c                chd_read_header
                0x000ac600                chd_codec_config
                0x000ac608                chd_get_codec_name
 .text          0x000ac614      0x758 ../picodrive/pico/cd/libchdr/src/libchdr_cdrom.o
                0x000ac6cc                ecc_compute_bytes
                0x000ac798                ecc_verify
                0x000acb18                ecc_generate
                0x000acd38                ecc_clear
 *fill*         0x000acd6c        0x4 
 .text          0x000acd70    0x27204 ../picodrive/pico/cd/libchdr/src/libchdr_flac.o
                0x000d228c                drflac_version
                0x000d22b4                drflac_version_string
                0x000d22c0                drflac_open_memory
                0x000d2334                drflac_open_memory_with_metadata
                0x000d23b0                drflac_open
                0x000d23d8                drflac_open_relaxed
                0x000d2408                drflac_open_with_metadata
                0x000d2434                drflac_open_with_metadata_relaxed
                0x000d245c                drflac_close
                0x000d2478                drflac_read_pcm_frames_s32
                0x000d24a8                drflac_read_pcm_frames_s16
                0x000d24d8                drflac_read_pcm_frames_f32
                0x000d2508                drflac_seek_to_pcm_frame
                0x000d3164                drflac_open_and_read_pcm_frames_s32
                0x000d31dc                drflac_open_and_read_pcm_frames_s16
                0x000d3254                drflac_open_and_read_pcm_frames_f32
                0x000d32cc                drflac_open_memory_and_read_pcm_frames_s32
                0x000d338c                drflac_open_memory_and_read_pcm_frames_s16
                0x000d344c                drflac_open_memory_and_read_pcm_frames_f32
                0x000d350c                drflac_free
                0x000d3534                drflac_init_vorbis_comment_iterator
                0x000d3540                drflac_next_vorbis_comment
                0x000d3598                drflac_init_cuesheet_track_iterator
                0x000d35a4                drflac_next_cuesheet_track
                0x000d3674                flac_decoder_init
                0x000d36b0                flac_decoder_free
                0x000d36e8                flac_decoder_reset
                0x000d3828                flac_decoder_decode_interleaved
                0x000d3ed4                flac_decoder_finish
 .text          0x000d3f74      0x218 ../picodrive/pico/cd/libchdr/src/libchdr_bitstream.o
                0x000d3f74                bitstream_overflow
                0x000d3fa0                create_bitstream
                0x000d3fcc                bitstream_peek
                0x000d4068                bitstream_remove
                0x000d4084                bitstream_read
                0x000d4140                bitstream_read_offset
                0x000d415c                bitstream_flush
 .text          0x000d418c     0x1af8 ../picodrive/pico/cd/libchdr/src/libchdr_huffman.o
                0x000d41f4                create_huffman_decoder
                0x000d4258                delete_huffman_decoder
                0x000d4290                huffman_decode_one
                0x000d42cc                huffman_build_tree
                0x000d473c                huffman_assign_canonical_codes
                0x000d4a8c                huffman_compute_tree_from_histo
                0x000d4c64                huffman_import_tree_rle
                0x000d508c                huffman_import_tree_huffman
                0x000d5ab8                huffman_build_lookup_table
 .text          0x000d5c84       0x28 ../picodrive/pico/cd/libchdr/deps/lzma-24.05/src/CpuArch.o
                0x000d5c84                CPU_IsSupported_NEON
                0x000d5c8c                CPU_IsSupported_CRC32
                0x000d5c94                CPU_IsSupported_SHA1
                0x000d5c9c                CPU_IsSupported_SHA2
                0x000d5ca4                CPU_IsSupported_AES
 .text          0x000d5cac      0x180 ../picodrive/pico/cd/libchdr/deps/lzma-24.05/src/Alloc.o
                0x000d5da4                MyAlloc
                0x000d5db0                MyFree
                0x000d5db4                MyRealloc
                0x000d5dd4                z7_AlignedAlloc
                0x000d5e04                z7_AlignedFree
                0x000d5e14                AlignOffsetAlloc_CreateVTable
 *fill*         0x000d5e2c        0x4 
 .text          0x000d5e30     0x7914 ../picodrive/pico/cd/libchdr/deps/lzma-24.05/src/LzmaEnc.o
                0x000dc700                LzmaEncProps_Init
                0x000dc768                LzmaEncProps_Normalize
                0x000dc908                LzmaEncProps_GetDictSize
                0x000dc9ec                GetPosSlot1
                0x000dca00                LzmaEnc_SaveState
                0x000dcc00                LzmaEnc_RestoreState
                0x000dce00                LzmaEnc_SetProps
                0x000dd078                LzmaEnc_SetDataSize
                0x000dd084                LzmaEnc_Create
                0x000dd178                LzmaEnc_Destroy
                0x000dd1e8                LzmaEnc_PrepareForLzma2
                0x000dd214                LzmaEnc_MemPrepare
                0x000dd250                LzmaEnc_Finish
                0x000dd254                LzmaEnc_GetCurBuf
                0x000dd274                LzmaEnc_CodeOneMemBlock
                0x000dd3c4                LzmaEnc_Encode
                0x000dd408                LzmaEnc_WriteProperties
                0x000dd498                LzmaEnc_IsWriteEndMark
                0x000dd4a0                LzmaEnc_MemEncode
                0x000dd55c                LzmaEncode
 .text          0x000dd744      0x44c ../picodrive/pico/cd/libchdr/deps/lzma-24.05/src/Sort.o
                0x000dd744                HeapSort
                0x000dd910                HeapSort64
 .text          0x000ddb90     0x3020 ../picodrive/pico/cd/libchdr/deps/lzma-24.05/src/LzmaDec.o
                0x000df8c4                LzmaDec_InitDicAndState
                0x000df8f8                LzmaDec_Init
                0x000df91c                LzmaDec_DecodeToDic
                0x000e0500                LzmaDec_DecodeToBuf
                0x000e0608                LzmaDec_FreeProbs
                0x000e062c                LzmaDec_Free
                0x000e0668                LzmaProps_Decode
                0x000e06e4                LzmaDec_AllocateProbs
                0x000e0800                LzmaDec_Allocate
                0x000e09dc                LzmaDecode
 .text          0x000e0bb0     0x6390 ../picodrive/pico/cd/libchdr/deps/lzma-24.05/src/LzFind.o
                0x000e11e0                MatchFinder_Init
                0x000e12cc                MatchFinder_MoveBlock
                0x000e1310                MatchFinder_NeedMove
                0x000e1364                MatchFinder_ReadIfRequired
                0x000e1380                MatchFinder_Construct
                0x000e14c8                MatchFinder_Free
                0x000e1504                MatchFinder_Create
                0x000e1ac4                MatchFinder_Init_LowHash
                0x000e1ae0                MatchFinder_Init_HighHash
                0x000e1b04                MatchFinder_Init_4
                0x000e1b30                MatchFinder_Normalize3
                0x000e5b14                GetMatchesSpec1
                0x000e6060                Bt3Zip_MatchFinder_GetMatches
                0x000e665c                Hc3Zip_MatchFinder_GetMatches
                0x000e69fc                Bt3Zip_MatchFinder_Skip
                0x000e6c20                Hc3Zip_MatchFinder_Skip
                0x000e6e64                MatchFinder_CreateVTable
                0x000e6f3c                LzFindPrepare
 .text          0x000e6f40     0x1ef4 ../picodrive/pico/cd/libchdr/deps/lzma-24.05/src/Delta.o
                0x000e6f40                Delta_Init
                0x000e6f4c                Delta_Encode
                0x000e7b9c                Delta_Decode
 .text          0x000e8e34      0xb10 ../picodrive/pico/cd/libchdr/deps/zstd-1.5.6/lib/common/entropy_common.o
                0x000e9108                FSE_versionNumber
                0x000e9110                FSE_isError
                0x000e9120                FSE_getErrorName
                0x000e9134                HUF_isError
                0x000e9144                HUF_getErrorName
                0x000e9158                FSE_readNCount_bmi2
                0x000e915c                FSE_readNCount
                0x000e9160                HUF_readStats
                0x000e9550                HUF_readStats_wksp
 .text          0x000e9944       0x1c ../picodrive/pico/cd/libchdr/deps/zstd-1.5.6/lib/common/error_private.o
                0x000e9944                ERR_getErrorString
 .text          0x000e9960     0x13a8 ../picodrive/pico/cd/libchdr/deps/zstd-1.5.6/lib/common/fse_decompress.o
                0x000ea210                FSE_buildDTable_wksp
                0x000ea214                FSE_decompress_wksp_bmi2
 .text          0x000ead08     0x1a14 ../picodrive/pico/cd/libchdr/deps/zstd-1.5.6/lib/common/xxhash.o
                0x000ead08                ZSTD_XXH_versionNumber
                0x000ead10                ZSTD_XXH32
                0x000eafd0                ZSTD_XXH32_createState
                0x000eafd8                ZSTD_XXH32_freeState
                0x000eafe8                ZSTD_XXH32_copyState
                0x000eb024                ZSTD_XXH32_reset
                0x000eb068                ZSTD_XXH32_update
                0x000eb300                ZSTD_XXH32_digest
                0x000eb444                ZSTD_XXH32_canonicalFromHash
                0x000eb450                ZSTD_XXH32_hashFromCanonical
                0x000eb45c                ZSTD_XXH64
                0x000ebc64                ZSTD_XXH64_createState
                0x000ebc6c                ZSTD_XXH64_freeState
                0x000ebc7c                ZSTD_XXH64_copyState
                0x000ebc84                ZSTD_XXH64_reset
                0x000ebd10                ZSTD_XXH64_update
                0x000ec130                ZSTD_XXH64_digest
                0x000ec6f4                ZSTD_XXH64_canonicalFromHash
                0x000ec708                ZSTD_XXH64_hashFromCanonical
 .text          0x000ec71c       0x50 ../picodrive/pico/cd/libchdr/deps/zstd-1.5.6/lib/common/zstd_common.o
                0x000ec71c                ZSTD_versionNumber
                0x000ec724                ZSTD_versionString
                0x000ec730                ZSTD_isError
                0x000ec740                ZSTD_getErrorName
                0x000ec754                ZSTD_getErrorCode
                0x000ec768                ZSTD_getErrorString
 .text          0x000ec76c     0x89b0 ../picodrive/pico/cd/libchdr/deps/zstd-1.5.6/lib/decompress/huf_decompress.o
                0x000f0134                HUF_readDTableX1_wksp
                0x000f1964                HUF_readDTableX2_wksp
                0x000f4cf4                HUF_decompress1X2_DCtx_wksp
                0x000f4d6c                HUF_selectDecoder
                0x000f4dc8                HUF_decompress1X_DCtx_wksp
                0x000f4f00                HUF_decompress1X_usingDTable
                0x000f4f18                HUF_decompress1X1_DCtx_wksp
                0x000f4f90                HUF_decompress4X_usingDTable
                0x000f4fdc                HUF_decompress4X_hufOnly_wksp
 .text          0x000f511c      0x6bc ../picodrive/pico/cd/libchdr/deps/zstd-1.5.6/lib/decompress/zstd_ddict.o
                0x000f511c                ZSTD_DDict_dictContent
                0x000f5124                ZSTD_DDict_dictSize
                0x000f512c                ZSTD_copyDDictParameters
                0x000f51ec                ZSTD_initStaticDDict
                0x000f5334                ZSTD_freeDDict
                0x000f53a0                ZSTD_createDDict_advanced
                0x000f557c                ZSTD_createDDict
                0x000f56a8                ZSTD_createDDict_byReference
                0x000f5790                ZSTD_estimateDDictSize
                0x000f57a4                ZSTD_sizeof_DDict
                0x000f57c8                ZSTD_getDictID_fromDDict
 .text          0x000f57d8     0xc834 ../picodrive/pico/cd/libchdr/deps/zstd-1.5.6/lib/decompress/zstd_decompress_block.o
                0x00100be4                ZSTD_getcBlockSize
                0x00100c30                ZSTD_decodeLiteralsBlock_wrapper
                0x00100c5c                ZSTD_buildFSETable
                0x00100c60                ZSTD_decodeSeqHeaders
                0x00100f58                ZSTD_decompressBlock_internal
                0x001014a8                ZSTD_checkContinuity
                0x001014f4                ZSTD_decompressBlock_deprecated
                0x00101a80                ZSTD_decompressBlock
 *fill*         0x0010200c        0x4 
 .text          0x00102010     0x5750 ../picodrive/pico/cd/libchdr/deps/zstd-1.5.6/lib/decompress/zstd_decompress.o
                0x00102af8                ZSTD_sizeof_DCtx
                0x00102b2c                ZSTD_estimateDCtxSize
                0x00102b38                ZSTD_initStaticDCtx
                0x00102bd8                ZSTD_createDCtx_advanced
                0x00102cd4                ZSTD_createDCtx
                0x00102d90                ZSTD_freeDCtx
                0x00102ebc                ZSTD_copyDCtx
                0x00102ec4                ZSTD_isFrame
                0x00102f0c                ZSTD_isSkippableFrame
                0x00102f34                ZSTD_frameHeaderSize
                0x00102f90                ZSTD_getFrameHeader_advanced
                0x00103434                ZSTD_getFrameHeader
                0x001036ec                ZSTD_getFrameContentSize
                0x001038d4                ZSTD_readSkippableFrame
                0x001039a0                ZSTD_findDecompressedSize
                0x00103bdc                ZSTD_getDecompressedSize
                0x00103d9c                ZSTD_findFrameCompressedSize
                0x00103dc4                ZSTD_decompressBound
                0x00103e60                ZSTD_decompressionMargin
                0x00104278                ZSTD_insertBlock
                0x001042a0                ZSTD_nextSrcSizeToDecompress
                0x001042ac                ZSTD_nextInputType
                0x001042d8                ZSTD_decompressContinue
                0x001047a4                ZSTD_loadDEntropy
                0x001049d8                ZSTD_decompressBegin
                0x00104ab4                ZSTD_decompressBegin_usingDict
                0x00104c4c                ZSTD_decompressBegin_usingDDict
                0x00105268                ZSTD_decompress_usingDict
                0x0010529c                ZSTD_decompressDCtx
                0x0010533c                ZSTD_decompress
                0x00105458                ZSTD_getDictID_fromDict
                0x00105484                ZSTD_getDictID_fromFrame
                0x001055c8                ZSTD_decompress_usingDDict
                0x001055f8                ZSTD_createDStream
                0x001056b4                ZSTD_initStaticDStream
                0x00105754                ZSTD_createDStream_advanced
                0x0010585c                ZSTD_freeDStream
                0x00105988                ZSTD_DStreamInSize
                0x00105994                ZSTD_DStreamOutSize
                0x0010599c                ZSTD_DCtx_loadDictionary_advanced
                0x00105a48                ZSTD_DCtx_loadDictionary_byReference
                0x00105aec                ZSTD_DCtx_loadDictionary
                0x00105b90                ZSTD_DCtx_refPrefix_advanced
                0x00105c40                ZSTD_DCtx_refPrefix
                0x00105cec                ZSTD_initDStream_usingDict
                0x00105d98                ZSTD_initDStream
                0x00105de4                ZSTD_initDStream_usingDDict
                0x00106228                ZSTD_resetDStream
                0x00106254                ZSTD_DCtx_refDDict
                0x00106688                ZSTD_DCtx_setMaxWindowSize
                0x001066c4                ZSTD_DCtx_setFormat
                0x001066f4                ZSTD_dParam_getBounds
                0x00106760                ZSTD_DCtx_getParameter
                0x00106810                ZSTD_DCtx_setParameter
                0x00106918                ZSTD_DCtx_reset
                0x001069bc                ZSTD_sizeof_DStream
                0x001069f0                ZSTD_decodingBufferSize_min
                0x00106a38                ZSTD_estimateDStreamSize
                0x00106a80                ZSTD_estimateDStreamSize_fromFrame
                0x00106cf4                ZSTD_decompressStream
                0x00107704                ZSTD_decompressStream_simpleArgs
 .text          0x00107760     0x55b4 ../circle/addon/fatfs/libfatfs.a(ff.o)
                0x00109e08                f_mount
                0x00109ef8                f_open
                0x0010a338                f_read
                0x0010a5ec                f_write
                0x0010aa68                f_sync
                0x0010abac                f_close
                0x0010ac00                f_chdrive
                0x0010ac34                f_chdir
                0x0010ad50                f_getcwd
                0x0010b078                f_lseek
                0x0010b32c                f_opendir
                0x0010b4b4                f_closedir
                0x0010b550                f_readdir
                0x0010b668                f_findnext
                0x0010b6e8                f_findfirst
                0x0010b718                f_stat
                0x0010b850                f_getfree
                0x0010b9c8                f_truncate
                0x0010bbac                f_unlink
                0x0010bd80                f_mkdir
                0x0010c044                f_rename
                0x0010c2cc                f_chmod
                0x0010c408                f_utime
                0x0010c55c                f_gets
                0x0010c648                f_putc
                0x0010c6c4                f_puts
                0x0010c754                f_printf
 .text          0x0010cd14      0x39c ../circle/addon/fatfs/libfatfs.a(diskio.o)
                0x0010cd20                disk_status
                0x0010cd40                disk_initialize
                0x0010cda4                disk_read
                0x0010ce84                disk_write
                0x0010cf3c                disk_ioctl
 .text          0x0010d0b0      0x2b0 ../circle/addon/fatfs/libfatfs.a(ffsystem.o)
                0x0010d0b0                ff_mutex_create
                0x0010d124                ff_mutex_delete
                0x0010d198                ff_mutex_take
                0x0010d1f4                ff_mutex_give
                0x0010d24c                ff_memalloc
                0x0010d250                ff_memfree
                0x0010d254                get_fattime
 .text          0x0010d360      0x1c0 ../circle/addon/fatfs/libfatfs.a(ffunicode.o)
                0x0010d360                ff_uni2oem
                0x0010d3c8                ff_oem2uni
                0x0010d408                ff_wtoupper
 .text          0x0010d520     0x1788 ../circle/addon/SDCard/libsdcard.a(emmc.o)
                0x0010d520                CEMMCDevice::Seek(unsigned long long)
                0x0010d534                CEMMCDevice::GetSize() const
                0x0010d540                CEMMCDevice::CEMMCDevice(CInterruptSystem*, CTimer*, CActLED*, CEMMCDevice::TDeviceSelector)
                0x0010d540                CEMMCDevice::CEMMCDevice(CInterruptSystem*, CTimer*, CActLED*, CEMMCDevice::TDeviceSelector)
                0x0010d618                CEMMCDevice::GetCSDField(unsigned int, unsigned int) const
                0x0010d654                CEMMCDevice::usDelay(unsigned int)
                0x0010d684                CEMMCDevice::LogWrite(TLogSeverity, char const*, ...)
                0x0010d708                CEMMCDevice::IssueCommandInt(unsigned int, unsigned int, int)
                0x0010d8d0                CEMMCDevice::IssueCommand(unsigned int, unsigned int, int)
                0x0010d9cc                CEMMCDevice::DoDataCommand(int, unsigned char*, unsigned int, unsigned int)
                0x0010db34                CEMMCDevice::CardReset()
                0x0010e52c                CEMMCDevice::CardInit()
                0x0010e574                CEMMCDevice::EnsureDataMode()
                0x0010e8d8                CEMMCDevice::DoRead(unsigned char*, unsigned int, unsigned int)
                0x0010e92c                CEMMCDevice::DoWrite(unsigned char*, unsigned int, unsigned int)
                0x0010e984                CEMMCDevice::Read(void*, unsigned int)
                0x0010ea30                CEMMCDevice::Write(void const*, unsigned int)
                0x0010eae0                CEMMCDevice::GetID()
                0x0010eae8                CEMMCDevice::~CEMMCDevice()
                0x0010eae8                CEMMCDevice::~CEMMCDevice()
                0x0010eb6c                CEMMCDevice::~CEMMCDevice()
                0x0010eb8c                CEMMCDevice::Initialize()
                0x0010ec7c                CEMMCDevice::IOCtl(unsigned long, void*)
 .text          0x0010eca8      0x408 ../circle/addon/SDCard/libsdcard.a(mmchost.o)
                0x0010eca8                CMMCHost::CMMCHost()
                0x0010eca8                CMMCHost::CMMCHost()
                0x0010ecd0                CMMCHost::~CMMCHost()
                0x0010ecd0                CMMCHost::~CMMCHost()
                0x0010ecd4                CMMCHost::~CMMCHost()
                0x0010ecec                CMMCHost::SetClock(unsigned int)
                0x0010ed04                CMMCHost::SetBusWidth(unsigned int)
                0x0010ed54                CMMCHost::RequestSync(mmc_request*)
                0x0010eda0                CMMCHost::PrepareRequest(mmc_request*)
                0x0010ee54                CMMCHost::Command(mmc_command*, unsigned int)
                0x0010ef94                mmc_request_done(mmc_host*, mmc_request*)
                0x0010efc8                CMMCHost::sg_miter_start(sg_mapping_iter*, void*, unsigned int, unsigned int)
                0x0010f038                CMMCHost::sg_miter_next(sg_mapping_iter*)
                0x0010f0ac                CMMCHost::sg_miter_stop(sg_mapping_iter*)
 .text          0x0010f0b0     0x2614 ../circle/addon/SDCard/libsdcard.a(sdhost.o)
                0x0010f144                CSDHOSTDevice::~CSDHOSTDevice()
                0x0010f144                CSDHOSTDevice::~CSDHOSTDevice()
                0x0010f1dc                CSDHOSTDevice::~CSDHOSTDevice()
                0x0010f1fc                CSDHOSTDevice::CSDHOSTDevice(CInterruptSystem*, CTimer*)
                0x0010f1fc                CSDHOSTDevice::CSDHOSTDevice(CInterruptSystem*, CTimer*)
                0x0010f2d8                CSDHOSTDevice::set_sdhost_clock(unsigned int*)
                0x0010f358                CSDHOSTDevice::dumpcmd(mmc_command*, char const*)
                0x0010f364                CSDHOSTDevice::dumpregs()
                0x0010f6e4                CSDHOSTDevice::set_power(bool)
                0x0010f6f8                CSDHOSTDevice::reset_internal()
                0x0010f7f8                CSDHOSTDevice::Reset()
                0x0010f820                CSDHOSTDevice::reset(mmc_host*)
                0x0010f848                CSDHOSTDevice::wait_transfer_complete()
                0x0010f930                CSDHOSTDevice::read_block_pio()
                0x0010fb48                CSDHOSTDevice::write_block_pio()
                0x0010fd68                CSDHOSTDevice::transfer_pio()
                0x0010fe88                CSDHOSTDevice::set_transfer_irqs()
                0x0010feb0                CSDHOSTDevice::prepare_data(mmc_command*)
                0x0010ffdc                CSDHOSTDevice::set_clock(unsigned int)
                0x001102a0                CSDHOSTDevice::set_ios(mmc_host*, mmc_ios*)
                0x00110390                CSDHOSTDevice::SetIOS(mmc_ios*)
                0x001103bc                CSDHOSTDevice::init(int)
                0x00110400                CSDHOSTDevice::tasklet_finish()
                0x00110590                CSDHOSTDevice::send_command(mmc_command*)
                0x001107e0                CSDHOSTDevice::finish_command()
                0x00110c30                CSDHOSTDevice::transfer_complete()
                0x00110d20                CSDHOSTDevice::finish_data()
                0x00110da0                CSDHOSTDevice::data_irq(unsigned int)
                0x00110e6c                CSDHOSTDevice::block_irq(unsigned int)
                0x00110f5c                CSDHOSTDevice::busy_irq(unsigned int)
                0x001110c8                CSDHOSTDevice::irq_handler()
                0x00111170                CSDHOSTDevice::irq_stub(void*)
                0x00111198                CSDHOSTDevice::request(mmc_host*, mmc_request*)
                0x00111444                CSDHOSTDevice::Request(mmc_request*)
                0x00111470                CSDHOSTDevice::add_host()
                0x00111580                CSDHOSTDevice::probe()
                0x00111680                CSDHOSTDevice::Initialize()
                0x00111694                CSDHOSTDevice::remove()
 *fill*         0x001116c4        0x4 
 .text          0x001116c8     0x1bbc ../circle/lib/sound/libsound.a(soundbasedevice.o)
                0x001116c8                CSoundBaseDevice::GetRangeMin() const
                0x001116d0                CSoundBaseDevice::GetRangeMax() const
                0x001116d8                CSoundBaseDevice::Flush()
                0x0011171c                CSoundBaseDevice::CSoundBaseDevice()
                0x0011171c                CSoundBaseDevice::CSoundBaseDevice()
                0x001117b4                CSoundBaseDevice::~CSoundBaseDevice()
                0x001117b4                CSoundBaseDevice::~CSoundBaseDevice()
                0x00111824                CSoundBaseDevice::~CSoundBaseDevice()
                0x00111844                CSoundBaseDevice::Setup(TSoundFormat, unsigned int, unsigned int, unsigned int, unsigned int, bool)
                0x00111b98                CSoundBaseDevice::CSoundBaseDevice(TSoundFormat, unsigned int, unsigned int, bool)
                0x00111b98                CSoundBaseDevice::CSoundBaseDevice(TSoundFormat, unsigned int, unsigned int, bool)
                0x00111c6c                CSoundBaseDevice::GetHWTXChannels() const
                0x00111c74                CSoundBaseDevice::GetHWRXChannels() const
                0x00111c7c                CSoundBaseDevice::AllocateQueue(unsigned int)
                0x00111d14                CSoundBaseDevice::AllocateQueueFrames(unsigned int)
                0x00111d98                CSoundBaseDevice::SetWriteFormat(TSoundFormat, unsigned int)
                0x00111e5c                CSoundBaseDevice::GetQueueSizeFrames()
                0x00111e90                CSoundBaseDevice::RegisterNeedDataCallback(void (*)(void*), void*)
                0x00111ee4                CSoundBaseDevice::AreChannelsSwapped() const
                0x00111eec                CSoundBaseDevice::AllocateReadQueue(unsigned int)
                0x00111f84                CSoundBaseDevice::AllocateReadQueueFrames(unsigned int)
                0x00112008                CSoundBaseDevice::SetReadFormat(TSoundFormat, unsigned int, bool)
                0x001120d0                CSoundBaseDevice::GetReadQueueSizeFrames()
                0x00112104                CSoundBaseDevice::RegisterHaveDataCallback(void (*)(void*), void*)
                0x00112158                CSoundBaseDevice::ConvertIEC958Sample(unsigned int, unsigned int)
                0x00112208                CSoundBaseDevice::ConvertSoundFormat(void*, void const*)
                0x00112344                CSoundBaseDevice::GetQueueBytesFree()
                0x001123d0                CSoundBaseDevice::GetQueueBytesAvail()
                0x00112454                CSoundBaseDevice::GetQueueFramesAvail()
                0x001124ac                CSoundBaseDevice::Enqueue(void const*, unsigned int)
                0x0011254c                CSoundBaseDevice::Write(void const*, unsigned int)
                0x00112840                CSoundBaseDevice::Dequeue(void*, unsigned int)
                0x001128e0                CSoundBaseDevice::GetChunkInternal(void*, unsigned int)
                0x00112af4                CSoundBaseDevice::GetChunk(short*, unsigned int)
                0x00112b20                CSoundBaseDevice::GetChunk(unsigned int*, unsigned int)
                0x00112b50                CSoundBaseDevice::ConvertReadSoundFormat(void*, void const*)
                0x00112c20                CSoundBaseDevice::GetReadQueueBytesFree()
                0x00112cac                CSoundBaseDevice::GetReadQueueBytesAvail()
                0x00112d30                CSoundBaseDevice::GetReadQueueFramesAvail()
                0x00112d88                CSoundBaseDevice::ReadEnqueue(void const*, unsigned int)
                0x00112e28                CSoundBaseDevice::PutChunkInternal(void const*, unsigned int)
                0x00112f10                CSoundBaseDevice::PutChunk(short const*, unsigned int)
                0x00112f3c                CSoundBaseDevice::PutChunk(unsigned int const*, unsigned int)
                0x00112f6c                CSoundBaseDevice::ReadDequeue(void*, unsigned int)
                0x0011300c                CSoundBaseDevice::Read(void*, unsigned int)
 .text._ZN16CSoundBaseDevice13GetControllerEv
                0x00113284        0x8 ../circle/lib/sound/libsound.a(soundbasedevice.o)
                0x00113284                CSoundBaseDevice::GetController()
 *fill*         0x0011328c        0x4 
 .text          0x00113290      0xe80 ../circle/lib/sound/libsound.a(hdmisoundbasedevice.o)
                0x00113290                CHDMISoundBaseDevice::IsActive() const
                0x001132b0                CHDMISoundBaseDevice::Cancel()
                0x001133b8                CHDMISoundBaseDevice::CHDMISoundBaseDevice(CInterruptSystem*, unsigned int, unsigned int)
                0x001133b8                CHDMISoundBaseDevice::CHDMISoundBaseDevice(CInterruptSystem*, unsigned int, unsigned int)
                0x0011350c                CHDMISoundBaseDevice::CHDMISoundBaseDevice(unsigned int)
                0x0011350c                CHDMISoundBaseDevice::CHDMISoundBaseDevice(unsigned int)
                0x001135b0                CHDMISoundBaseDevice::IsWritable()
                0x001135ec                CHDMISoundBaseDevice::WriteSample(int)
                0x00113648                CHDMISoundBaseDevice::StopHDMI()
                0x0011367c                CHDMISoundBaseDevice::DMACompletionRoutine(unsigned int, unsigned int, bool)
                0x001137f4                CHDMISoundBaseDevice::DMACompletionStub(unsigned int, unsigned int, bool, void*)
                0x0011382c                CHDMISoundBaseDevice::SampleRateToHWFormat(unsigned int)
                0x00113860                CHDMISoundBaseDevice::WaitForBit(unsigned int, unsigned int, bool, unsigned int)
                0x001138ec                CHDMISoundBaseDevice::ResetHDMI()
                0x00113978                CHDMISoundBaseDevice::~CHDMISoundBaseDevice()
                0x00113978                CHDMISoundBaseDevice::~CHDMISoundBaseDevice()
                0x00113a70                CHDMISoundBaseDevice::~CHDMISoundBaseDevice()
                0x00113a90                CHDMISoundBaseDevice::SetAudioInfoFrame()
                0x00113b78                CHDMISoundBaseDevice::GetHSMClockRate()
                0x00113bc4                CHDMISoundBaseDevice::GetPixelClockRate()
                0x00113c80                CHDMISoundBaseDevice::rational_best_approximation(unsigned long, unsigned long, unsigned long, unsigned long, unsigned long*, unsigned long*)
                0x00113d2c                CHDMISoundBaseDevice::RunHDMI()
                0x00113f00                CHDMISoundBaseDevice::Start()
 .text          0x00114110      0x3b4 ../circle/lib/sound/libsound.a(pwmsoundbasedevice.o)
                0x00114110                CPWMSoundBaseDevice::GetRangeMin() const
                0x00114118                CPWMSoundBaseDevice::GetRangeMax() const
                0x00114124                CPWMSoundBaseDevice::Start()
                0x00114190                CPWMSoundBaseDevice::Cancel()
                0x00114198                CPWMSoundBaseDevice::IsActive() const
                0x001141a0                CPWMSoundBaseDevice::ChunkCompletedHandler(bool, unsigned int*, unsigned int, void*)
                0x001141e4                CPWMSoundBaseDevice::RunPWM()
                0x00114284                CPWMSoundBaseDevice::CPWMSoundBaseDevice(CInterruptSystem*, unsigned int, unsigned int, bool)
                0x00114284                CPWMSoundBaseDevice::CPWMSoundBaseDevice(CInterruptSystem*, unsigned int, unsigned int, bool)
                0x001143a4                CPWMSoundBaseDevice::StopPWM()
                0x001143e0                CPWMSoundBaseDevice::~CPWMSoundBaseDevice()
                0x001143e0                CPWMSoundBaseDevice::~CPWMSoundBaseDevice()
                0x0011446c                CPWMSoundBaseDevice::~CPWMSoundBaseDevice()
                0x0011448c                CPWMSoundBaseDevice::Flush()
 .text          0x001144c4      0xa74 ../circle/lib/sound/libsound.a(dmasoundbuffers.o)
                0x001144c4                CDMASoundBuffers::CDMASoundBuffers(bool, unsigned int, TDREQ, unsigned int, CInterruptSystem*)
                0x001144c4                CDMASoundBuffers::CDMASoundBuffers(bool, unsigned int, TDREQ, unsigned int, CInterruptSystem*)
                0x00114520                CDMASoundBuffers::~CDMASoundBuffers()
                0x00114520                CDMASoundBuffers::~CDMASoundBuffers()
                0x00114664                CDMASoundBuffers::Cancel()
                0x00114694                CDMASoundBuffers::IsActive() const
                0x001146ac                CDMASoundBuffers::ZeroBuffers()
                0x00114744                CDMASoundBuffers::GetNextChunk(bool)
                0x0011486c                CDMASoundBuffers::PutChunk()
                0x00114914                CDMASoundBuffers::InterruptHandler()
                0x00114aa4                CDMASoundBuffers::InterruptStub(void*)
                0x00114ac8                CDMASoundBuffers::SetupDMAControlBlock(unsigned int)
                0x00114bf4                CDMASoundBuffers::Start(unsigned int (*)(bool, unsigned int*, unsigned int, void*), void*)
 .text          0x00114f38      0x2e8 ../circle/lib/fs/libfs.a(partitionmanager.o)
                0x00114f38                CPartitionManager::CPartitionManager(CDevice*, char const*)
                0x00114f38                CPartitionManager::CPartitionManager(CDevice*, char const*)
                0x00114f64                CPartitionManager::~CPartitionManager()
                0x00114f64                CPartitionManager::~CPartitionManager()
                0x00115028                CPartitionManager::Initialize()
 .text          0x00115220      0x288 ../circle/lib/fs/libfs.a(partition.o)
                0x00115220                CPartition::Read(void*, unsigned int)
                0x001152a4                CPartition::Write(void const*, unsigned int)
                0x00115328                CPartition::Seek(unsigned long long)
                0x001153e0                CPartition::~CPartition()
                0x001153e0                CPartition::~CPartition()
                0x00115408                CPartition::~CPartition()
                0x0011543c                CPartition::CPartition(CDevice*, unsigned int, unsigned int)
                0x0011543c                CPartition::CPartition(CDevice*, unsigned int, unsigned int)
 .text          0x001154a8      0x59c ../circle/lib/usb/libusb.a(usbhostcontroller.o)
                0x001154a8                CUSBHostController::UpdatePlugAndPlay()
                0x001155c8                CUSBHostController::CUSBHostController(bool)
                0x001155c8                CUSBHostController::CUSBHostController(bool)
                0x00115610                CUSBHostController::~CUSBHostController()
                0x00115610                CUSBHostController::~CUSBHostController()
                0x00115648                CUSBHostController::~CUSBHostController()
                0x0011568c                CUSBHostController::ControlMessage(CUSBEndpoint*, unsigned char, unsigned char, unsigned short, unsigned short, void*, unsigned short)
                0x00115778                CUSBHostController::GetDescriptor(CUSBEndpoint*, unsigned char, unsigned char, void*, unsigned int, unsigned char, unsigned short)
                0x001157ac                CUSBHostController::SetAddress(CUSBEndpoint*, unsigned char)
                0x001157f4                CUSBHostController::SetConfiguration(CUSBEndpoint*, unsigned char)
                0x0011583c                CUSBHostController::Transfer(CUSBEndpoint*, void*, unsigned int, unsigned int)
                0x001158a0                CUSBHostController::IsPlugAndPlay() const
                0x001158a8                CUSBHostController::PortStatusChanged(CUSBHCIRootPort*)
                0x00115960                CUSBHostController::PortStatusChanged(CUSBStandardHub*)
                0x00115a18                CUSBHostController::Get()
 .text._ZN18CUSBHostController24CancelDeviceTransactionsEP10CUSBDevice
                0x00115a44        0x4 ../circle/lib/usb/libusb.a(usbhostcontroller.o)
                0x00115a44                CUSBHostController::CancelDeviceTransactions(CUSBDevice*)
 .text          0x00115a48      0x52c ../circle/lib/usb/libusb.a(usbkeyboard.o)
                0x00115a4c                CUSBKeyboardDevice::~CUSBKeyboardDevice()
                0x00115a4c                CUSBKeyboardDevice::~CUSBKeyboardDevice()
                0x00115ab4                CUSBKeyboardDevice::~CUSBKeyboardDevice()
                0x00115ad4                CUSBKeyboardDevice::ReportHandler(unsigned char const*, unsigned int)
                0x00115c60                CUSBKeyboardDevice::CUSBKeyboardDevice(CUSBFunction*)
                0x00115c60                CUSBKeyboardDevice::CUSBKeyboardDevice(CUSBFunction*)
                0x00115cbc                CUSBKeyboardDevice::RegisterKeyPressedHandler(void (*)(char const*))
                0x00115cc4                CUSBKeyboardDevice::RegisterSelectConsoleHandler(void (*)(unsigned int))
                0x00115ccc                CUSBKeyboardDevice::RegisterShutdownHandler(void (*)())
                0x00115cd4                CUSBKeyboardDevice::GetLEDStatus() const
                0x00115cfc                CUSBKeyboardDevice::RegisterKeyStatusHandlerRaw(void (*)(unsigned char, unsigned char const*, void*), bool, void*)
                0x00115d2c                CUSBKeyboardDevice::RegisterKeyStatusHandlerRaw(void (*)(unsigned char, unsigned char const*), bool)
                0x00115d44                CUSBKeyboardDevice::UnregisterKeyStatusHandlerRaw()
                0x00115d54                CUSBKeyboardDevice::SetLEDs(unsigned char)
                0x00115de0                CUSBKeyboardDevice::Configure()
                0x00115ed0                CUSBKeyboardDevice::UpdateLEDs()
                0x00115f48                CUSBKeyboardDevice::FindByte(unsigned char const*, unsigned char, unsigned int)
 .text.startup  0x00115f74       0x38 ../circle/lib/usb/libusb.a(usbkeyboard.o)
 .text          0x00115fac      0x45c ../circle/lib/usb/libusb.a(usbrequest.o)
                0x00115fac                CUSBRequest::CUSBRequest(CUSBEndpoint*, void*, unsigned int, TSetupData*)
                0x00115fac                CUSBRequest::CUSBRequest(CUSBEndpoint*, void*, unsigned int, TSetupData*)
                0x00116034                CUSBRequest::~CUSBRequest()
                0x00116034                CUSBRequest::~CUSBRequest()
                0x00116038                CUSBRequest::GetEndpoint() const
                0x0011605c                CUSBRequest::SetStatus(int)
                0x00116064                CUSBRequest::SetResultLen(unsigned int)
                0x0011606c                CUSBRequest::SetUSBError(TUSBError)
                0x00116074                CUSBRequest::GetStatus() const
                0x0011607c                CUSBRequest::GetResultLength() const
                0x001160a8                CUSBRequest::GetUSBError() const
                0x001160d4                CUSBRequest::GetSetupData()
                0x00116120                CUSBRequest::GetBuffer()
                0x00116154                CUSBRequest::GetBufLen() const
                0x0011615c                CUSBRequest::AddIsoPacket(unsigned short)
                0x001161d0                CUSBRequest::GetNumIsoPackets() const
                0x001161f4                CUSBRequest::GetIsoPacketSize(unsigned int) const
                0x00116224                CUSBRequest::SetCompletionRoutine(void (*)(CUSBRequest*, void*, void*), void*, void*)
                0x00116250                CUSBRequest::CallCompletionRoutine()
                0x00116288                CUSBRequest::SetCompleteOnNAK()
                0x00116294                CUSBRequest::IsCompleteOnNAK() const
                0x0011629c                CUSBRequest::operator new(unsigned int)
                0x001162ec                CUSBRequest::operator delete(void*, unsigned int)
                0x00116344                CUSBRequest::InitAllocator(unsigned int)
                0x0011639c                CUSBRequest::InitProtectedAllocator(unsigned int, unsigned int)
 .text          0x00116408     0x108c ../circle/lib/usb/libusb.a(usbstandardhub.o)
                0x00116408                CUSBStandardHub::~CUSBStandardHub()
                0x00116408                CUSBStandardHub::~CUSBStandardHub()
                0x00116524                CUSBStandardHub::~CUSBStandardHub()
                0x00116544                CUSBStandardHub::CUSBStandardHub(CUSBFunction*)
                0x00116544                CUSBStandardHub::CUSBStandardHub(CUSBFunction*)
                0x001165a0                CUSBStandardHub::DisablePort(unsigned int)
                0x00116658                CUSBStandardHub::RemoveDeviceAt(unsigned int)
                0x0011669c                CUSBStandardHub::StartStatusChangeRequest()
                0x00116768                CUSBStandardHub::CompletionRoutine(CUSBRequest*)
                0x00116800                CUSBStandardHub::CompletionStub(CUSBRequest*, void*, void*)
                0x00116828                CUSBStandardHub::Initialize()
                0x0011695c                CUSBStandardHub::EnumeratePorts()
                0x00116f9c                CUSBStandardHub::ReScanDevices()
                0x00116fa0                CUSBStandardHub::Configure()
                0x00117104                CUSBStandardHub::HandlePortStatusChange()
 .text.startup  0x00117494       0x38 ../circle/lib/usb/libusb.a(usbstandardhub.o)
 .text          0x001174cc     0x3088 ../circle/lib/usb/libusb.a(dwhcidevice.o)
                0x001174cc                CDWHCIDevice::CancelDeviceTransactions(CUSBDevice*)
                0x001174d4                CDWHCIDevice::CompletionRoutine(CUSBRequest*, void*, void*)
                0x00117520                CDWHCIDevice::CDWHCIDevice(CInterruptSystem*, CTimer*, bool)
                0x00117520                CDWHCIDevice::CDWHCIDevice(CInterruptSystem*, CTimer*, bool)
                0x00117614                CDWHCIDevice::DeviceConnected()
                0x0011764c                CDWHCIDevice::GetPortSpeed()
                0x00117694                CDWHCIDevice::OvercurrentDetected()
                0x001176cc                CDWHCIDevice::DisableRootPort(bool)
                0x00117740                CDWHCIDevice::PowerOn()
                0x001177ac                CDWHCIDevice::Reset()
                0x00117880                CDWHCIDevice::InitCore()
                0x00117af0                CDWHCIDevice::EnableGlobalInterrupts()
                0x00117b34                CDWHCIDevice::EnableCommonInterrupts()
                0x00117b6c                CDWHCIDevice::EnableHostInterrupts()
                0x00117c0c                CDWHCIDevice::EnableChannelInterrupt(unsigned int)
                0x00117c70                CDWHCIDevice::DisableChannelInterrupt(unsigned int)
                0x00117cd4                CDWHCIDevice::FlushTxFIFO(unsigned int)
                0x00117d90                CDWHCIDevice::FlushRxFIFO()
                0x00117e30                CDWHCIDevice::InitHost()
                0x00118030                CDWHCIDevice::QueueTransaction(CDWHCITransferStageData*)
                0x001180c0                CDWHCIDevice::TransferStageAsync(CUSBRequest*, bool, bool, unsigned int)
                0x00118178                CDWHCIDevice::SubmitAsyncRequest(CUSBRequest*, unsigned int)
                0x00118244                CDWHCIDevice::QueueDelayedTransaction(CDWHCITransferStageData*)
                0x001183b8                CDWHCIDevice::StartChannel(CDWHCITransferStageData*)
                0x001187c0                CDWHCIDevice::StartTransaction(CDWHCITransferStageData*)
                0x00118a48                CDWHCIDevice::SOFInterruptHandler()
                0x00118a58                CDWHCIDevice::AllocateChannel()
                0x00118ae0                CDWHCIDevice::FreeChannel(unsigned int)
                0x00119194                CDWHCIDevice::ChannelInterruptHandler(unsigned int)
                0x001191a4                CDWHCIDevice::InterruptHandler()
                0x00119378                CDWHCIDevice::InterruptStub(void*)
                0x0011939c                CDWHCIDevice::AllocateWaitBlock()
                0x00119414                CDWHCIDevice::FreeWaitBlock(unsigned int)
                0x00119484                CDWHCIDevice::TransferStage(CUSBRequest*, bool, bool, unsigned int)
                0x001195d0                CDWHCIDevice::SubmitBlockingRequest(CUSBRequest*, unsigned int)
                0x00119830                CDWHCIDevice::WaitForBit(CDWHCIRegister*, unsigned int, bool, unsigned int)
                0x001198fc                CDWHCIDevice::EnableRootPort()
                0x00119a14                CDWHCIDevice::LogTransactionFailed(unsigned int)
                0x00119a60                CDWHCIDevice::DumpRegister(char const*, unsigned int)
                0x00119ac4                CDWHCIDevice::DumpStatus(unsigned int)
                0x0011a14c                CDWHCIDevice::~CDWHCIDevice()
                0x0011a14c                CDWHCIDevice::~CDWHCIDevice()
                0x0011a244                CDWHCIDevice::~CDWHCIDevice()
                0x0011a264                CDWHCIDevice::ReScanDevices()
                0x0011a2e4                CDWHCIDevice::Initialize(bool)
 .text          0x0011a554      0x448 ../circle/lib/usb/libusb.a(dwhciframeschednper.o)
                0x0011a554                CDWHCIFrameSchedulerNonPeriodic::~CDWHCIFrameSchedulerNonPeriodic()
                0x0011a554                CDWHCIFrameSchedulerNonPeriodic::~CDWHCIFrameSchedulerNonPeriodic()
                0x0011a558                CDWHCIFrameSchedulerNonPeriodic::StartSplit()
                0x0011a574                CDWHCIFrameSchedulerNonPeriodic::IsOddFrame() const
                0x0011a57c                CDWHCIFrameSchedulerNonPeriodic::PeriodicDelay(unsigned short)
                0x0011a598                CDWHCIFrameSchedulerNonPeriodic::CompleteSplit()
                0x0011a60c                CDWHCIFrameSchedulerNonPeriodic::TransactionComplete(unsigned int)
                0x0011a710                CDWHCIFrameSchedulerNonPeriodic::GetFrameNumber()
                0x0011a788                CDWHCIFrameSchedulerNonPeriodic::~CDWHCIFrameSchedulerNonPeriodic()
                0x0011a7cc                CDWHCIFrameSchedulerNonPeriodic::CDWHCIFrameSchedulerNonPeriodic()
                0x0011a7cc                CDWHCIFrameSchedulerNonPeriodic::CDWHCIFrameSchedulerNonPeriodic()
                0x0011a81c                CDWHCIFrameSchedulerNonPeriodic::operator new(unsigned int)
                0x0011a874                CDWHCIFrameSchedulerNonPeriodic::operator delete(void*, unsigned int)
                0x0011a8d4                CDWHCIFrameSchedulerNonPeriodic::InitAllocator(unsigned int)
                0x0011a930                CDWHCIFrameSchedulerNonPeriodic::InitProtectedAllocator(unsigned int, unsigned int)
 .text          0x0011a99c      0x2d0 ../circle/lib/usb/libusb.a(dwhciframeschednsplit.o)
                0x0011a99c                CDWHCIFrameSchedulerNoSplit::~CDWHCIFrameSchedulerNoSplit()
                0x0011a99c                CDWHCIFrameSchedulerNoSplit::~CDWHCIFrameSchedulerNoSplit()
                0x0011a9a0                CDWHCIFrameSchedulerNoSplit::StartSplit()
                0x0011a9bc                CDWHCIFrameSchedulerNoSplit::CompleteSplit()
                0x0011a9d8                CDWHCIFrameSchedulerNoSplit::TransactionComplete(unsigned int)
                0x0011a9f4                CDWHCIFrameSchedulerNoSplit::PeriodicDelay(unsigned short)
                0x0011aa10                CDWHCIFrameSchedulerNoSplit::GetFrameNumber()
                0x0011aa54                CDWHCIFrameSchedulerNoSplit::IsOddFrame() const
                0x0011aa8c                CDWHCIFrameSchedulerNoSplit::~CDWHCIFrameSchedulerNoSplit()
                0x0011aad0                CDWHCIFrameSchedulerNoSplit::CDWHCIFrameSchedulerNoSplit(bool)
                0x0011aad0                CDWHCIFrameSchedulerNoSplit::CDWHCIFrameSchedulerNoSplit(bool)
                0x0011aaec                CDWHCIFrameSchedulerNoSplit::operator new(unsigned int)
                0x0011ab44                CDWHCIFrameSchedulerNoSplit::operator delete(void*, unsigned int)
                0x0011aba4                CDWHCIFrameSchedulerNoSplit::InitAllocator(unsigned int)
                0x0011ac00                CDWHCIFrameSchedulerNoSplit::InitProtectedAllocator(unsigned int, unsigned int)
 .text          0x0011ac6c      0x4bc ../circle/lib/usb/libusb.a(dwhciframeschedper.o)
                0x0011ac6c                CDWHCIFrameSchedulerPeriodic::~CDWHCIFrameSchedulerPeriodic()
                0x0011ac6c                CDWHCIFrameSchedulerPeriodic::~CDWHCIFrameSchedulerPeriodic()
                0x0011ac70                CDWHCIFrameSchedulerPeriodic::StartSplit()
                0x0011ac90                CDWHCIFrameSchedulerPeriodic::PeriodicDelay(unsigned short)
                0x0011aca8                CDWHCIFrameSchedulerPeriodic::CompleteSplit()
                0x0011ad48                CDWHCIFrameSchedulerPeriodic::GetFrameNumber()